Archive member included to satisfy reference by file (symbol)

/Applications/MCUXpressoIDE_11.2.0_4120/ide/plugins/com.nxp.mcuxpresso.tools.macosx_11.2.0.202001021529/tools/bin/../lib/gcc/arm-none-eabi/9.2.1/../../../../arm-none-eabi/lib/thumb/v6-m/nofp/libcr_nohost_nf.a(_cr__main.o)
                              ./startup/startup_mkl25z4.o (__main)
/Applications/MCUXpressoIDE_11.2.0_4120/ide/plugins/com.nxp.mcuxpresso.tools.macosx_11.2.0.202001021529/tools/bin/../lib/gcc/arm-none-eabi/9.2.1/../../../../arm-none-eabi/lib/thumb/v6-m/nofp/libcr_nohost_nf.a(_cr_assert.o)
                              ./source/main.o (__assertion_failed)
/Applications/MCUXpressoIDE_11.2.0_4120/ide/plugins/com.nxp.mcuxpresso.tools.macosx_11.2.0.202001021529/tools/bin/../lib/gcc/arm-none-eabi/9.2.1/../../../../arm-none-eabi/lib/thumb/v6-m/nofp/libcr_nohost_nf.a(__ciob.o)
                              /Applications/MCUXpressoIDE_11.2.0_4120/ide/plugins/com.nxp.mcuxpresso.tools.macosx_11.2.0.202001021529/tools/bin/../lib/gcc/arm-none-eabi/9.2.1/../../../../arm-none-eabi/lib/thumb/v6-m/nofp/libcr_nohost_nf.a(_cr_assert.o) (__Ciob)
/Applications/MCUXpressoIDE_11.2.0_4120/ide/plugins/com.nxp.mcuxpresso.tools.macosx_11.2.0.202001021529/tools/bin/../lib/gcc/arm-none-eabi/9.2.1/../../../../arm-none-eabi/lib/thumb/v6-m/nofp/libcr_nohost_nf.a(__sys_appexit.o)
                              /Applications/MCUXpressoIDE_11.2.0_4120/ide/plugins/com.nxp.mcuxpresso.tools.macosx_11.2.0.202001021529/tools/bin/../lib/gcc/arm-none-eabi/9.2.1/../../../../arm-none-eabi/lib/thumb/v6-m/nofp/libcr_nohost_nf.a(_cr_assert.o) (__sys_appexit)
/Applications/MCUXpressoIDE_11.2.0_4120/ide/plugins/com.nxp.mcuxpresso.tools.macosx_11.2.0.202001021529/tools/bin/../lib/gcc/arm-none-eabi/9.2.1/../../../../arm-none-eabi/lib/thumb/v6-m/nofp/libcr_c.a(memcpy.o)
                              ./source/pbkdf2_test.o (memcpy)
/Applications/MCUXpressoIDE_11.2.0_4120/ide/plugins/com.nxp.mcuxpresso.tools.macosx_11.2.0.202001021529/tools/bin/../lib/gcc/arm-none-eabi/9.2.1/../../../../arm-none-eabi/lib/thumb/v6-m/nofp/libcr_c.a(memset.o)
                              ./drivers/fsl_flash.o (memset)
/Applications/MCUXpressoIDE_11.2.0_4120/ide/plugins/com.nxp.mcuxpresso.tools.macosx_11.2.0.202001021529/tools/bin/../lib/gcc/arm-none-eabi/9.2.1/../../../../arm-none-eabi/lib/thumb/v6-m/nofp/libcr_c.a(_deferredlazyseek.o)
                              /Applications/MCUXpressoIDE_11.2.0_4120/ide/plugins/com.nxp.mcuxpresso.tools.macosx_11.2.0.202001021529/tools/bin/../lib/gcc/arm-none-eabi/9.2.1/../../../../arm-none-eabi/lib/thumb/v6-m/nofp/libcr_nohost_nf.a(_cr_assert.o) (__flsbuf)
/Applications/MCUXpressoIDE_11.2.0_4120/ide/plugins/com.nxp.mcuxpresso.tools.macosx_11.2.0.202001021529/tools/bin/../lib/gcc/arm-none-eabi/9.2.1/../../../../arm-none-eabi/lib/thumb/v6-m/nofp/libcr_c.a(_fflush.o)
                              /Applications/MCUXpressoIDE_11.2.0_4120/ide/plugins/com.nxp.mcuxpresso.tools.macosx_11.2.0.202001021529/tools/bin/../lib/gcc/arm-none-eabi/9.2.1/../../../../arm-none-eabi/lib/thumb/v6-m/nofp/libcr_c.a(_deferredlazyseek.o) (_fflush)
/Applications/MCUXpressoIDE_11.2.0_4120/ide/plugins/com.nxp.mcuxpresso.tools.macosx_11.2.0.202001021529/tools/bin/../lib/gcc/arm-none-eabi/9.2.1/../../../../arm-none-eabi/lib/thumb/v6-m/nofp/libcr_c.a(_writebuf.o)
                              /Applications/MCUXpressoIDE_11.2.0_4120/ide/plugins/com.nxp.mcuxpresso.tools.macosx_11.2.0.202001021529/tools/bin/../lib/gcc/arm-none-eabi/9.2.1/../../../../arm-none-eabi/lib/thumb/v6-m/nofp/libcr_c.a(_deferredlazyseek.o) (_Cwritebuf)
/Applications/MCUXpressoIDE_11.2.0_4120/ide/plugins/com.nxp.mcuxpresso.tools.macosx_11.2.0.202001021529/tools/bin/../lib/gcc/arm-none-eabi/9.2.1/../../../../arm-none-eabi/lib/thumb/v6-m/nofp/libcr_c.a(alloc.o)
                              /Applications/MCUXpressoIDE_11.2.0_4120/ide/plugins/com.nxp.mcuxpresso.tools.macosx_11.2.0.202001021529/tools/bin/../lib/gcc/arm-none-eabi/9.2.1/../../../../arm-none-eabi/lib/thumb/v6-m/nofp/libcr_c.a(_deferredlazyseek.o) (_Csys_alloc)
/Applications/MCUXpressoIDE_11.2.0_4120/ide/plugins/com.nxp.mcuxpresso.tools.macosx_11.2.0.202001021529/tools/bin/../lib/gcc/arm-none-eabi/9.2.1/../../../../arm-none-eabi/lib/thumb/v6-m/nofp/libcr_c.a(fputs.o)
                              /Applications/MCUXpressoIDE_11.2.0_4120/ide/plugins/com.nxp.mcuxpresso.tools.macosx_11.2.0.202001021529/tools/bin/../lib/gcc/arm-none-eabi/9.2.1/../../../../arm-none-eabi/lib/thumb/v6-m/nofp/libcr_nohost_nf.a(_cr_assert.o) (fputs)
/Applications/MCUXpressoIDE_11.2.0_4120/ide/plugins/com.nxp.mcuxpresso.tools.macosx_11.2.0.202001021529/tools/bin/../lib/gcc/arm-none-eabi/9.2.1/../../../../arm-none-eabi/lib/thumb/v6-m/nofp/libcr_c.a(fseek.o)
[...]
Memory Configuration

Name             Origin             Length             Attributes
PROGRAM_FLASH    0x0000000000000000 0x0000000000020000 xr
SRAM             0x000000001ffff000 0x0000000000004000 xrw
*default*        0x0000000000000000 0xffffffffffffffff

Linker script and memory map

LOAD ./utilities/fsl_debug_console.o
LOAD ./startup/startup_mkl25z4.o
LOAD ./source/isha.o
LOAD ./source/main.o
LOAD ./source/mtb.o
LOAD ./source/pbkdf2.o
LOAD ./source/pbkdf2_test.o
LOAD ./source/semihost_hardfault.o
LOAD ./source/ticktime.o
LOAD ./drivers/fsl_clock.o
LOAD ./drivers/fsl_common.o
LOAD ./drivers/fsl_flash.o
LOAD ./drivers/fsl_gpio.o
LOAD ./drivers/fsl_lpsci.o
LOAD ./drivers/fsl_smc.o
LOAD ./drivers/fsl_uart.o
LOAD ./board/board.o
LOAD ./board/clock_config.o
LOAD ./board/peripherals.o
LOAD ./board/pin_mux.o
LOAD ./CMSIS/system_MKL25Z4.o
START GROUP
LOAD /Applications/MCUXpressoIDE_11.2.0_4120/ide/plugins/com.nxp.mcuxpresso.tools.macosx_11.2.0.202001021529/tools/bin/../lib/gcc/arm-none-eabi/9.2.1/../../../../arm-none-eabi/lib/thumb/v6-m/nofp/libcr_nohost_nf.a
LOAD /Applications/MCUXpressoIDE_11.2.0_4120/ide/plugins/com.nxp.mcuxpresso.tools.macosx_11.2.0.202001021529/tools/bin/../lib/gcc/arm-none-eabi/9.2.1/../../../../arm-none-eabi/lib/thumb/v6-m/nofp/libcr_c.a
LOAD /Applications/MCUXpressoIDE_11.2.0_4120/ide/plugins/com.nxp.mcuxpresso.tools.macosx_11.2.0.202001021529/tools/bin/../lib/gcc/arm-none-eabi/9.2.1/thumb/v6-m/nofp/libcr_eabihelpers.a
LOAD /Applications/MCUXpressoIDE_11.2.0_4120/ide/plugins/com.nxp.mcuxpresso.tools.macosx_11.2.0.202001021529/tools/bin/../lib/gcc/arm-none-eabi/9.2.1/thumb/v6-m/nofp/libgcc.a
END GROUP
                0x0000000000000000                __base_PROGRAM_FLASH = 0x0
                0x0000000000000000                __base_Flash = 0x0
                0x0000000000020000                __top_PROGRAM_FLASH = 0x20000
                0x0000000000020000                __top_Flash = 0x20000
                0x000000001ffff000                __base_SRAM = 0x1ffff000
                0x000000001ffff000                __base_RAM = 0x1ffff000
                0x0000000020003000                __top_SRAM = 0x20003000
                0x0000000020003000                __top_RAM = 0x20003000

.text           0x0000000000000000     0x50e8
 FILL mask 0xff
                0x0000000000000000                __vectors_start__ = ABSOLUTE (.)
 *(SORT_BY_ALIGNMENT(.isr_vector))
 .isr_vector    0x0000000000000000       0xc0 ./startup/startup_mkl25z4.o
                0x0000000000000000                __Vectors
                0x0000000000000000                g_pfnVectors
                0x00000000000000c0                . = ALIGN (0x4)
                0x00000000000000c0                __section_table_start = .
                0x00000000000000c0                __data_section_table = .
                0x00000000000000c0        0x4 LONG 0x50e8 LOADADDR (.data)
                0x00000000000000c4        0x4 LONG 0x1ffff080 ADDR (.data)
                0x00000000000000c8        0x4 LONG 0x8 SIZEOF (.data)
                0x00000000000000cc                __data_section_table_end = .
                0x00000000000000cc                __bss_section_table = .
                0x00000000000000cc        0x4 LONG 0x1ffff088 ADDR (.bss)
                0x00000000000000d0        0x4 LONG 0x17c SIZEOF (.bss)
                0x00000000000000d4                __bss_section_table_end = .
                0x00000000000000d4                __section_table_end = .
 *(SORT_BY_ALIGNMENT(.after_vectors*))
 .after_vectors.reset
                0x00000000000000d4       0x4c ./startup/startup_mkl25z4.o
                0x00000000000000d4                ResetISR
 .after_vectors.init_data
                0x0000000000000120       0x12 ./startup/startup_mkl25z4.o
                0x0000000000000120                data_init
 .after_vectors.init_bss
                0x0000000000000132       0x10 ./startup/startup_mkl25z4.o
                0x0000000000000132                bss_init
 .after_vectors
                0x0000000000000142      0x10c ./startup/startup_mkl25z4.o
                0x0000000000000142                NMI_Handler
                0x0000000000000146                SVC_Handler
                0x0000000000000148                PendSV_Handler
                0x000000000000014c                DMA0_DriverIRQHandler
                0x000000000000014c                SPI1_DriverIRQHandler
                0x000000000000014c                LPTMR0_DriverIRQHandler
                0x000000000000014c                I2C0_DriverIRQHandler
                0x000000000000014c                PORTD_DriverIRQHandler
                0x000000000000014c                DMA2_DriverIRQHandler
                0x000000000000014c                TPM2_DriverIRQHandler
                0x000000000000014c                CMP0_DriverIRQHandler
                0x000000000000014c                ADC0_DriverIRQHandler
                0x000000000000014c                TSI0_DriverIRQHandler
                0x000000000000014c                RTC_Seconds_DriverIRQHandler
                0x000000000000014c                SPI0_DriverIRQHandler
                0x000000000000014c                I2C1_DriverIRQHandler
                0x000000000000014c                LLWU_DriverIRQHandler
                0x000000000000014c                MCG_DriverIRQHandler
                0x000000000000014c                DMA1_DriverIRQHandler
                0x000000000000014c                DMA3_DriverIRQHandler
                0x000000000000014c                Reserved39_DriverIRQHandler
                0x000000000000014c                PIT_DriverIRQHandler
                0x000000000000014c                Reserved45_DriverIRQHandler
                0x000000000000014c                FTFA_DriverIRQHandler
                0x000000000000014c                IntDefaultHandler
                0x000000000000014c                USB0_DriverIRQHandler
                0x000000000000014c                DAC0_DriverIRQHandler
                0x000000000000014c                RTC_DriverIRQHandler
                0x000000000000014c                LVD_LVW_DriverIRQHandler
                0x000000000000014c                TPM0_DriverIRQHandler
                0x000000000000014c                TPM1_DriverIRQHandler
                0x000000000000014c                PORTA_DriverIRQHandler
                0x000000000000014c                Reserved20_DriverIRQHandler
                0x000000000000014e                DMA0_IRQHandler
                0x0000000000000156                DMA1_IRQHandler
                0x000000000000015e                DMA2_IRQHandler
                0x0000000000000166                DMA3_IRQHandler
                0x000000000000016e                Reserved20_IRQHandler
                0x0000000000000176                FTFA_IRQHandler
                0x000000000000017e                LVD_LVW_IRQHandler
                0x0000000000000186                LLWU_IRQHandler
                0x000000000000018e                I2C0_IRQHandler
                0x0000000000000196                I2C1_IRQHandler
                0x000000000000019e                SPI0_IRQHandler
                0x00000000000001a6                SPI1_IRQHandler
                0x00000000000001ae                UART0_IRQHandler
                0x00000000000001b6                UART1_IRQHandler
                0x00000000000001be                UART2_IRQHandler
                0x00000000000001c6                ADC0_IRQHandler
                0x00000000000001ce                CMP0_IRQHandler
                0x00000000000001d6                TPM0_IRQHandler
                0x00000000000001de                TPM1_IRQHandler
                0x00000000000001e6                TPM2_IRQHandler
                0x00000000000001ee                RTC_IRQHandler
                0x00000000000001f6                RTC_Seconds_IRQHandler
                0x00000000000001fe                PIT_IRQHandler
                0x0000000000000206                Reserved39_IRQHandler
                0x000000000000020e                USB0_IRQHandler
                0x0000000000000216                DAC0_IRQHandler
                0x000000000000021e                TSI0_IRQHandler
                0x0000000000000226                MCG_IRQHandler
                0x000000000000022e                LPTMR0_IRQHandler
                0x0000000000000236                Reserved45_IRQHandler
                0x000000000000023e                PORTA_IRQHandler
                0x0000000000000246                PORTD_IRQHandler
                0x0000000000000400                . = 0x400
 *fill*         0x000000000000024e      0x1b2 ff
                0x0000000000000400                PROVIDE (__FLASH_CONFIG_START__ = .)
 *(SORT_BY_ALIGNMENT(.FlashConfig))
 .FlashConfig   0x0000000000000400       0x10 ./startup/startup_mkl25z4.o
                0x0000000000000400                Flash_Config
                0x0000000000000410                PROVIDE (__FLASH_CONFIG_END__ = .)
                0x0000000000000001                ASSERT (! ((__FLASH_CONFIG_START__ == __FLASH_CONFIG_END__)), Linker Flash Config Support Enabled, but no .FlashConfig section provided within application)
 *(SORT_BY_ALIGNMENT(.text*))
 .text.DbgConsole_Init
                0x0000000000000410       0xf4 ./utilities/fsl_debug_console.o
                0x0000000000000410                DbgConsole_Init
 .text.__sys_write
                0x0000000000000504       0x58 ./utilities/fsl_debug_console.o
                0x0000000000000504                __sys_write
 .text.ISHAReset
                0x000000000000055c       0x60 ./source/isha.o
                0x000000000000055c                ISHAReset
 .text.time_pbkdf2_hmac_isha
                0x00000000000005bc      0x154 ./source/main.o
 .text.main     0x0000000000000710       0x4c ./source/main.o
                0x0000000000000710                main
 .text.F        0x000000000000075c      0x1dc ./source/pbkdf2.o
 .text.pbkdf2_hmac_isha
                0x0000000000000938      0x130 ./source/pbkdf2.o
                0x0000000000000938                pbkdf2_hmac_isha
 .text.hexdigit_to_int
                0x0000000000000a68       0x70 ./source/pbkdf2_test.o
 .text.test_isha
                0x0000000000000ad8      0x118 ./source/pbkdf2_test.o
                0x0000000000000ad8                test_isha
 .text.test_hmac_isha
                0x0000000000000bf0      0x110 ./source/pbkdf2_test.o
                0x0000000000000bf0                test_hmac_isha
 .text.test_pbkdf2_hmac_isha
                0x0000000000000d00      0x228 ./source/pbkdf2_test.o
                0x0000000000000d00                test_pbkdf2_hmac_isha
 .text.HardFault_Handler
                0x0000000000000f28       0x30 ./source/semihost_hardfault.o
                0x0000000000000f28                HardFault_Handler
 .text.NVIC_EnableIRQ
                0x0000000000000f58       0x2c ./source/ticktime.o
 .text.NVIC_ClearPendingIRQ
                0x0000000000000f84       0x30 ./source/ticktime.o
 .text.NVIC_SetPriority
                0x0000000000000fb4       0xdc ./source/ticktime.o
 .text.init_ticktime
                0x0000000000001090       0x68 ./source/ticktime.o
                0x0000000000001090                init_ticktime
 .text.SysTick_Handler
                0x00000000000010f8       0x18 ./source/ticktime.o
                0x00000000000010f8                SysTick_Handler
 .text.reset_timer
                0x0000000000001110       0x1c ./source/ticktime.o
                0x0000000000001110                reset_timer
 .text.get_timer
                0x000000000000112c       0x1c ./source/ticktime.o
                0x000000000000112c                get_timer
 .text.CLOCK_SetEr32kClock
                0x0000000000001148       0x34 ./drivers/fsl_clock.o
 .text.CLOCK_SetPllFllSelClock
                0x000000000000117c       0x38 ./drivers/fsl_clock.o
 .text.CLOCK_GetMcgExtClkFreq
                0x00000000000011b4       0x28 ./drivers/fsl_clock.o
 .text.CLOCK_GetFllExtRefClkFreq
                0x00000000000011dc       0xa8 ./drivers/fsl_clock.o
 .text.CLOCK_GetFllRefClkFreq
                0x0000000000001284       0x2c ./drivers/fsl_clock.o
 .text.CLOCK_GetOscRangeFromFreq
                0x00000000000012b0       0x4c ./drivers/fsl_clock.o
 .text.CLOCK_GetPllFllSelClkFreq
                0x00000000000012fc       0x4c ./drivers/fsl_clock.o
                0x00000000000012fc                CLOCK_GetPllFllSelClkFreq
 .text.CLOCK_SetSimConfig
                0x0000000000001348       0x38 ./drivers/fsl_clock.o
                0x0000000000001348                CLOCK_SetSimConfig
 .text.CLOCK_GetFllFreq
                0x0000000000001380       0x84 ./drivers/fsl_clock.o
                0x0000000000001380                CLOCK_GetFllFreq
 .text.CLOCK_GetPll0Freq
                0x0000000000001404       0x70 ./drivers/fsl_clock.o
                0x0000000000001404                CLOCK_GetPll0Freq
 .text.CLOCK_SetInternalRefClkConfig
                0x0000000000001474      0x124 ./drivers/fsl_clock.o
                0x0000000000001474                CLOCK_SetInternalRefClkConfig
 .text.CLOCK_EnablePll0
                0x0000000000001598       0x94 ./drivers/fsl_clock.o
                0x0000000000001598                CLOCK_EnablePll0
 .text.CLOCK_InitOsc0
                0x000000000000162c       0x94 ./drivers/fsl_clock.o
                0x000000000000162c                CLOCK_InitOsc0
 .text.CLOCK_SetPbeMode
                0x00000000000016c0       0xb0 ./drivers/fsl_clock.o
                0x00000000000016c0                CLOCK_SetPbeMode
 .text.CLOCK_BootToPeeMode
                0x0000000000001770       0x70 ./drivers/fsl_clock.o
                0x0000000000001770                CLOCK_BootToPeeMode
 .text.CLOCK_EnableClock
                0x00000000000017e0       0x34 ./drivers/fsl_lpsci.o
 .text.LPSCI_GetInstance
                0x0000000000001814       0x48 ./drivers/fsl_lpsci.o
                0x0000000000001814                LPSCI_GetInstance
 .text.LPSCI_Init
                0x000000000000185c      0x258 ./drivers/fsl_lpsci.o
                0x000000000000185c                LPSCI_Init
 .text.LPSCI_GetDefaultConfig
                0x0000000000001ab4       0x44 ./drivers/fsl_lpsci.o
                0x0000000000001ab4                LPSCI_GetDefaultConfig
 .text.LPSCI_ClearStatusFlags
                0x0000000000001af8       0x94 ./drivers/fsl_lpsci.o
                0x0000000000001af8                LPSCI_ClearStatusFlags
 .text.LPSCI_WriteBlocking
                0x0000000000001b8c       0x4c ./drivers/fsl_lpsci.o
                0x0000000000001b8c                LPSCI_WriteBlocking
 .text.LPSCI_ReadBlocking
                0x0000000000001bd8       0xc0 ./drivers/fsl_lpsci.o
                0x0000000000001bd8                LPSCI_ReadBlocking
 .text.UART0_DriverIRQHandler
                0x0000000000001c98       0x24 ./drivers/fsl_lpsci.o
                0x0000000000001c98                UART0_DriverIRQHandler
 .text.CLOCK_EnableClock
                0x0000000000001cbc       0x34 ./drivers/fsl_uart.o
 .text.UART_GetInstance
                0x0000000000001cf0       0x54 ./drivers/fsl_uart.o
                0x0000000000001cf0                UART_GetInstance
 .text.UART_Init
                0x0000000000001d44      0x1e0 ./drivers/fsl_uart.o
                0x0000000000001d44                UART_Init
 .text.UART_GetDefaultConfig
                0x0000000000001f24       0x44 ./drivers/fsl_uart.o
                0x0000000000001f24                UART_GetDefaultConfig
 .text.UART_ReadBlocking
                0x0000000000001f68       0x98 ./drivers/fsl_uart.o
                0x0000000000001f68                UART_ReadBlocking
 .text.UART1_DriverIRQHandler
                0x0000000000002000       0x24 ./drivers/fsl_uart.o
                0x0000000000002000                UART1_DriverIRQHandler
 .text.UART2_DriverIRQHandler
                0x0000000000002024       0x24 ./drivers/fsl_uart.o
                0x0000000000002024                UART2_DriverIRQHandler
 .text.CLOCK_SetLpsci0Clock
                0x0000000000002048       0x38 ./board/board.o
 .text.BOARD_InitDebugConsole
                0x0000000000002080       0x30 ./board/board.o
                0x0000000000002080                BOARD_InitDebugConsole
 .text.CLOCK_SetSimSafeDivs
                0x00000000000020b0       0x20 ./board/clock_config.o
 .text.CLOCK_SetXtal0Freq
                0x00000000000020d0       0x1c ./board/clock_config.o
 .text.CLOCK_CONFIG_SetFllExtRefDiv
                0x00000000000020ec       0x3c ./board/clock_config.o
 .text.BOARD_BootClockRUN
                0x0000000000002128       0x64 ./board/clock_config.o
                0x0000000000002128                BOARD_BootClockRUN
 .text.CLOCK_EnableClock
                0x000000000000218c       0x34 ./board/pin_mux.o
 .text.PORT_SetPinMux
                0x00000000000021c0       0x40 ./board/pin_mux.o
 .text.BOARD_InitPins
                0x0000000000002200       0x4c ./board/pin_mux.o
                0x0000000000002200                BOARD_InitPins
 .text.SystemInit
                0x000000000000224c       0x18 ./CMSIS/system_MKL25Z4.o
                0x000000000000224c                SystemInit
 .text.__assertion_failed
                0x0000000000002264       0x4c /Applications/MCUXpressoIDE_11.2.0_4120/ide/plugins/com.nxp.mcuxpresso.tools.macosx_11.2.0.202001021529/tools/bin/../lib/gcc/arm-none-eabi/9.2.1/../../../../arm-none-eabi/lib/thumb/v6-m/nofp/libcr_nohost_nf.a(_cr_assert.o)
                0x0000000000002264                __assertion_failed
 .text._deferredlazyseek
                0x00000000000022b0       0x40 /Applications/MCUXpressoIDE_11.2.0_4120/ide/plugins/com.nxp.mcuxpresso.tools.macosx_11.2.0.202001021529/tools/bin/../lib/gcc/arm-none-eabi/9.2.1/../../../../arm-none-eabi/lib/thumb/v6-m/nofp/libcr_c.a(_deferredlazyseek.o)
                0x00000000000022b0                _deferredlazyseek
 .text.__flsbuf
                0x00000000000022f0      0x150 /Applications/MCUXpressoIDE_11.2.0_4120/ide/plugins/com.nxp.mcuxpresso.tools.macosx_11.2.0.202001021529/tools/bin/../lib/gcc/arm-none-eabi/9.2.1/../../../../arm-none-eabi/lib/thumb/v6-m/nofp/libcr_c.a(_deferredlazyseek.o)
                0x00000000000022f0                __flsbuf
 .text._fflush  0x0000000000002440       0x60 /Applications/MCUXpressoIDE_11.2.0_4120/ide/plugins/com.nxp.mcuxpresso.tools.macosx_11.2.0.202001021529/tools/bin/../lib/gcc/arm-none-eabi/9.2.1/../../../../arm-none-eabi/lib/thumb/v6-m/nofp/libcr_c.a(_fflush.o)
                0x0000000000002440                _fflush
 .text._Cwritebuf
                0x00000000000024a0       0x68 /Applications/MCUXpressoIDE_11.2.0_4120/ide/plugins/com.nxp.mcuxpresso.tools.macosx_11.2.0.202001021529/tools/bin/../lib/gcc/arm-none-eabi/9.2.1/../../../../arm-none-eabi/lib/thumb/v6-m/nofp/libcr_c.a(_writebuf.o)
                0x00000000000024a0                _Cwritebuf
 .text.malloc   0x0000000000002508       0xd0 /Applications/MCUXpressoIDE_11.2.0_4120/ide/plugins/com.nxp.mcuxpresso.tools.macosx_11.2.0.202001021529/tools/bin/../lib/gcc/arm-none-eabi/9.2.1/../../../../arm-none-eabi/lib/thumb/v6-m/nofp/libcr_c.a(alloc.o)
                0x0000000000002508                malloc
 .text._Csys_alloc
                0x00000000000025d8       0x20 /Applications/MCUXpressoIDE_11.2.0_4120/ide/plugins/com.nxp.mcuxpresso.tools.macosx_11.2.0.202001021529/tools/bin/../lib/gcc/arm-none-eabi/9.2.1/../../../../arm-none-eabi/lib/thumb/v6-m/nofp/libcr_c.a(alloc.o)
                0x00000000000025d8                _Csys_alloc
 .text.fseek    0x00000000000025f8       0xf4 /Applications/MCUXpressoIDE_11.2.0_4120/ide/plugins/com.nxp.mcuxpresso.tools.macosx_11.2.0.202001021529/tools/bin/../lib/gcc/arm-none-eabi/9.2.1/../../../../arm-none-eabi/lib/thumb/v6-m/nofp/libcr_c.a(fseek.o)
                0x00000000000025f8                fseek
 .text.ftell    0x00000000000026ec       0x48 /Applications/MCUXpressoIDE_11.2.0_4120/ide/plugins/com.nxp.mcuxpresso.tools.macosx_11.2.0.202001021529/tools/bin/../lib/gcc/arm-none-eabi/9.2.1/../../../../arm-none-eabi/lib/thumb/v6-m/nofp/libcr_c.a(ftell.o)
                0x00000000000026ec                ftell
 .text._initio  0x0000000000002734       0x7c /Applications/MCUXpressoIDE_11.2.0_4120/ide/plugins/com.nxp.mcuxpresso.tools.macosx_11.2.0.202001021529/tools/bin/../lib/gcc/arm-none-eabi/9.2.1/../../../../arm-none-eabi/lib/thumb/v6-m/nofp/libcr_c.a(initio.o)
                0x0000000000002734                _initio
 .text._terminateio
                0x00000000000027b0       0x50 /Applications/MCUXpressoIDE_11.2.0_4120/ide/plugins/com.nxp.mcuxpresso.tools.macosx_11.2.0.202001021529/tools/bin/../lib/gcc/arm-none-eabi/9.2.1/../../../../arm-none-eabi/lib/thumb/v6-m/nofp/libcr_c.a(initio.o)
                0x00000000000027b0                _terminateio
 .text.__vfprintf
                0x0000000000002800      0xd40 /Applications/MCUXpressoIDE_11.2.0_4120/ide/plugins/com.nxp.mcuxpresso.tools.macosx_11.2.0.202001021529/tools/bin/../lib/gcc/arm-none-eabi/9.2.1/../../../../arm-none-eabi/lib/thumb/v6-m/nofp/libcr_c.a(printf.o)
                0x0000000000002800                __vfprintf
 .text._vsnprintf
                0x0000000000003540       0x70 /Applications/MCUXpressoIDE_11.2.0_4120/ide/plugins/com.nxp.mcuxpresso.tools.macosx_11.2.0.202001021529/tools/bin/../lib/gcc/arm-none-eabi/9.2.1/../../../../arm-none-eabi/lib/thumb/v6-m/nofp/libcr_c.a(printf.o)
                0x0000000000003540                _vsnprintf
 .text._printf  0x00000000000035b0       0x50 /Applications/MCUXpressoIDE_11.2.0_4120/ide/plugins/com.nxp.mcuxpresso.tools.macosx_11.2.0.202001021529/tools/bin/../lib/gcc/arm-none-eabi/9.2.1/../../../../arm-none-eabi/lib/thumb/v6-m/nofp/libcr_c.a(printf.o)
                0x00000000000035b0                _printf
 .text.setvbuf  0x0000000000003600       0x4c /Applications/MCUXpressoIDE_11.2.0_4120/ide/plugins/com.nxp.mcuxpresso.tools.macosx_11.2.0.202001021529/tools/bin/../lib/gcc/arm-none-eabi/9.2.1/../../../../arm-none-eabi/lib/thumb/v6-m/nofp/libcr_c.a(setvbuf.o)
                0x0000000000003600                setvbuf
 .text.exit     0x000000000000364c       0x2c /Applications/MCUXpressoIDE_11.2.0_4120/ide/plugins/com.nxp.mcuxpresso.tools.macosx_11.2.0.202001021529/tools/bin/../lib/gcc/arm-none-eabi/9.2.1/../../../../arm-none-eabi/lib/thumb/v6-m/nofp/libcr_c.a(stdlib.o)
                0x000000000000364c                exit
 .text.strlen   0x0000000000003678       0x58 /Applications/MCUXpressoIDE_11.2.0_4120/ide/plugins/com.nxp.mcuxpresso.tools.macosx_11.2.0.202001021529/tools/bin/../lib/gcc/arm-none-eabi/9.2.1/../../../../arm-none-eabi/lib/thumb/v6-m/nofp/libcr_c.a(strlen.o)
                0x0000000000003678                strlen
 .text._sbrk    0x00000000000036d0       0x44 /Applications/MCUXpressoIDE_11.2.0_4120/ide/plugins/com.nxp.mcuxpresso.tools.macosx_11.2.0.202001021529/tools/bin/../lib/gcc/arm-none-eabi/9.2.1/../../../../arm-none-eabi/lib/thumb/v6-m/nofp/libcr_c.a(_cr_sbrk.o)
                0x00000000000036d0                _sbrk
 .text._fdopen  0x0000000000003714       0x74 /Applications/MCUXpressoIDE_11.2.0_4120/ide/plugins/com.nxp.mcuxpresso.tools.macosx_11.2.0.202001021529/tools/bin/../lib/gcc/arm-none-eabi/9.2.1/../../../../arm-none-eabi/lib/thumb/v6-m/nofp/libcr_c.a(_fdopen.o)
                0x0000000000003714                _fdopen
 .text.fclose   0x0000000000003788       0x5c /Applications/MCUXpressoIDE_11.2.0_4120/ide/plugins/com.nxp.mcuxpresso.tools.macosx_11.2.0.202001021529/tools/bin/../lib/gcc/arm-none-eabi/9.2.1/../../../../arm-none-eabi/lib/thumb/v6-m/nofp/libcr_c.a(fclose.o)
                0x0000000000003788                fclose
 .text.fflush   0x00000000000037e4       0x44 /Applications/MCUXpressoIDE_11.2.0_4120/ide/plugins/com.nxp.mcuxpresso.tools.macosx_11.2.0.202001021529/tools/bin/../lib/gcc/arm-none-eabi/9.2.1/../../../../arm-none-eabi/lib/thumb/v6-m/nofp/libcr_c.a(fflush.o)
                0x00000000000037e4                fflush
 .text.__check_heap_overflow
                0x0000000000003828       0x14 /Applications/MCUXpressoIDE_11.2.0_4120/ide/plugins/com.nxp.mcuxpresso.tools.macosx_11.2.0.202001021529/tools/bin/../lib/gcc/arm-none-eabi/9.2.1/../../../../arm-none-eabi/lib/thumb/v6-m/nofp/libcr_c.a(_cr_check_heap.o)
                0x0000000000003828                __check_heap_overflow
 .text._do_fflush
                0x000000000000383c       0x48 /Applications/MCUXpressoIDE_11.2.0_4120/ide/plugins/com.nxp.mcuxpresso.tools.macosx_11.2.0.202001021529/tools/bin/../lib/gcc/arm-none-eabi/9.2.1/../../../../arm-none-eabi/lib/thumb/v6-m/nofp/libcr_c.a(_do_fflush.o)
                0x000000000000383c                _do_fflush
 .text.UART_EnableTx
                0x0000000000003884       0x40 ./utilities/fsl_debug_console.o
 .text.UART_EnableRx
                0x00000000000038c4       0x40 ./utilities/fsl_debug_console.o
 .text.LPSCI_EnableTx
                0x0000000000003904       0x40 ./utilities/fsl_debug_console.o
 .text.LPSCI_EnableRx
                0x0000000000003944       0x40 ./utilities/fsl_debug_console.o
 .text.ISHAProcessMessageBlock
                0x0000000000003984      0x152 ./source/isha.o
 .text.ISHAPadMessage
                0x0000000000003ad6      0x10e ./source/isha.o
 .text.ISHAResult
                0x0000000000003be4       0xc0 ./source/isha.o
                0x0000000000003be4                ISHAResult
 .text.ISHAInput
                0x0000000000003ca4       0xae ./source/isha.o
                0x0000000000003ca4                ISHAInput
 .text.run_tests
                0x0000000000003d52       0x6a ./source/main.o
 .text.hmac_isha
                0x0000000000003dbc      0x186 ./source/pbkdf2.o
                0x0000000000003dbc                hmac_isha
 .text.cmp_bin  0x0000000000003f42       0x42 ./source/pbkdf2_test.o
                0x0000000000003f42                cmp_bin
 .text.hexstr_to_bytes
                0x0000000000003f84       0x64 ./source/pbkdf2_test.o
                0x0000000000003f84                hexstr_to_bytes
 .text.OSC_SetExtRefClkConfig
                0x0000000000003fe8       0x3e ./drivers/fsl_clock.o
 .text.OSC_SetCapLoad
                0x0000000000004026       0x42 ./drivers/fsl_clock.o
 .text.CLOCK_GetPll0RefFreq
                0x0000000000004068       0x10 ./drivers/fsl_clock.o
 .text.CLOCK_SetExternalRefClkConfig
                0x0000000000004078       0x16 ./drivers/fsl_clock.o
                0x0000000000004078                CLOCK_SetExternalRefClkConfig
 .text.LPSCI_GetStatusFlags
                0x000000000000408e       0x26 ./drivers/fsl_lpsci.o
                0x000000000000408e                LPSCI_GetStatusFlags
 .text.UART_GetStatusFlags
                0x00000000000040b4       0x26 ./drivers/fsl_uart.o
                0x00000000000040b4                UART_GetStatusFlags
 .text.UART_WriteBlocking
                0x00000000000040da       0x3c ./drivers/fsl_uart.o
                0x00000000000040da                UART_WriteBlocking
 .text.BOARD_InitBootClocks
                0x0000000000004116        0xe ./board/clock_config.o
                0x0000000000004116                BOARD_InitBootClocks
 .text.BOARD_InitBootPeripherals
                0x0000000000004124        0xa ./board/peripherals.o
                0x0000000000004124                BOARD_InitBootPeripherals
 .text.BOARD_InitBootPins
                0x000000000000412e        0xe ./board/pin_mux.o
                0x000000000000412e                BOARD_InitBootPins
 .text.__main   0x000000000000413c        0xc /Applications/MCUXpressoIDE_11.2.0_4120/ide/plugins/com.nxp.mcuxpresso.tools.macosx_11.2.0.202001021529/tools/bin/../lib/gcc/arm-none-eabi/9.2.1/../../../../arm-none-eabi/lib/thumb/v6-m/nofp/libcr_nohost_nf.a(_cr__main.o)
                0x000000000000413c                __main
 .text.__sys_appexit
                0x0000000000004148        0x2 /Applications/MCUXpressoIDE_11.2.0_4120/ide/plugins/com.nxp.mcuxpresso.tools.macosx_11.2.0.202001021529/tools/bin/../lib/gcc/arm-none-eabi/9.2.1/../../../../arm-none-eabi/lib/thumb/v6-m/nofp/libcr_nohost_nf.a(__sys_appexit.o)
                0x0000000000004148                __exit
                0x0000000000004148                __sys_appexit
 .text.memcpy   0x000000000000414a        0x8 /Applications/MCUXpressoIDE_11.2.0_4120/ide/plugins/com.nxp.mcuxpresso.tools.macosx_11.2.0.202001021529/tools/bin/../lib/gcc/arm-none-eabi/9.2.1/../../../../arm-none-eabi/lib/thumb/v6-m/nofp/libcr_c.a(memcpy.o)
                0x000000000000414a                memcpy
 .text.memset   0x0000000000004152        0x8 /Applications/MCUXpressoIDE_11.2.0_4120/ide/plugins/com.nxp.mcuxpresso.tools.macosx_11.2.0.202001021529/tools/bin/../lib/gcc/arm-none-eabi/9.2.1/../../../../arm-none-eabi/lib/thumb/v6-m/nofp/libcr_c.a(memset.o)
                0x0000000000004152                memset
 .text.free     0x000000000000415a       0x2c /Applications/MCUXpressoIDE_11.2.0_4120/ide/plugins/com.nxp.mcuxpresso.tools.macosx_11.2.0.202001021529/tools/bin/../lib/gcc/arm-none-eabi/9.2.1/../../../../arm-none-eabi/lib/thumb/v6-m/nofp/libcr_c.a(alloc.o)
                0x000000000000415a                free
 .text.fputs    0x0000000000004186       0x2e /Applications/MCUXpressoIDE_11.2.0_4120/ide/plugins/com.nxp.mcuxpresso.tools.macosx_11.2.0.202001021529/tools/bin/../lib/gcc/arm-none-eabi/9.2.1/../../../../arm-none-eabi/lib/thumb/v6-m/nofp/libcr_c.a(fputs.o)
                0x0000000000004186                fputs
 .text.no_fp_display
                0x00000000000041b4        0x4 /Applications/MCUXpressoIDE_11.2.0_4120/ide/plugins/com.nxp.mcuxpresso.tools.macosx_11.2.0.202001021529/tools/bin/../lib/gcc/arm-none-eabi/9.2.1/../../../../arm-none-eabi/lib/thumb/v6-m/nofp/libcr_c.a(printf.o)
 .text.remove   0x00000000000041b8       0x12 /Applications/MCUXpressoIDE_11.2.0_4120/ide/plugins/com.nxp.mcuxpresso.tools.macosx_11.2.0.202001021529/tools/bin/../lib/gcc/arm-none-eabi/9.2.1/../../../../arm-none-eabi/lib/thumb/v6-m/nofp/libcr_c.a(remove.o)
                0x00000000000041b8                remove
 .text.__aeabi_division_idivmod
                0x00000000000041ca       0x78 /Applications/MCUXpressoIDE_11.2.0_4120/ide/plugins/com.nxp.mcuxpresso.tools.macosx_11.2.0.202001021529/tools/bin/../lib/gcc/arm-none-eabi/9.2.1/thumb/v6-m/nofp/libcr_eabihelpers.a(division_32.o)
                0x00000000000041ca                __aeabi_idiv
                0x00000000000041ca                __aeabi_idivmod
                0x00000000000041d0                __aeabi_uidiv
                0x00000000000041d0                __aeabi_uidivmod
 .text.__aeabi_division_idiv0
                0x0000000000004242        0x2 /Applications/MCUXpressoIDE_11.2.0_4120/ide/plugins/com.nxp.mcuxpresso.tools.macosx_11.2.0.202001021529/tools/bin/../lib/gcc/arm-none-eabi/9.2.1/thumb/v6-m/nofp/libcr_eabihelpers.a(division_idiv0.o)
                0x0000000000004242                __aeabi_idiv0
 .text.__aeabi_llong_lmul
                0x0000000000004244       0x2e /Applications/MCUXpressoIDE_11.2.0_4120/ide/plugins/com.nxp.mcuxpresso.tools.macosx_11.2.0.202001021529/tools/bin/../lib/gcc/arm-none-eabi/9.2.1/thumb/v6-m/nofp/libcr_eabihelpers.a(llong.o)
                0x0000000000004244                __aeabi_lmul
 .text.__aeabi_memcpy
                0x0000000000004272       0x2c /Applications/MCUXpressoIDE_11.2.0_4120/ide/plugins/com.nxp.mcuxpresso.tools.macosx_11.2.0.202001021529/tools/bin/../lib/gcc/arm-none-eabi/9.2.1/thumb/v6-m/nofp/libcr_eabihelpers.a(memcpy.o)
                0x0000000000004272                __aeabi_memcpy
                0x0000000000004272                __aeabi_memcpy4
                0x0000000000004272                __aeabi_memcpy8
 .text.__aeabi_memset_lowlevel
                0x000000000000429e       0x2a /Applications/MCUXpressoIDE_11.2.0_4120/ide/plugins/com.nxp.mcuxpresso.tools.macosx_11.2.0.202001021529/tools/bin/../lib/gcc/arm-none-eabi/9.2.1/thumb/v6-m/nofp/libcr_eabihelpers.a(memcpy.o)
                0x000000000000429e                __aeabi_lowlevel_memset
 .text.__gnu_thumb1_case_shi
                0x00000000000042c8       0x10 /Applications/MCUXpressoIDE_11.2.0_4120/ide/plugins/com.nxp.mcuxpresso.tools.macosx_11.2.0.202001021529/tools/bin/../lib/gcc/arm-none-eabi/9.2.1/thumb/v6-m/nofp/libcr_eabihelpers.a(thumb1_switch_helpers.o)
                0x00000000000042c8                __gnu_thumb1_case_shi
 .text.__sys_close
                0x00000000000042d8        0x6 /Applications/MCUXpressoIDE_11.2.0_4120/ide/plugins/com.nxp.mcuxpresso.tools.macosx_11.2.0.202001021529/tools/bin/../lib/gcc/arm-none-eabi/9.2.1/../../../../arm-none-eabi/lib/thumb/v6-m/nofp/libcr_nohost_nf.a(__sys_close.o)
                0x00000000000042d8                __sys_close
 .text.__sys_flen
                0x00000000000042de        0x6 /Applications/MCUXpressoIDE_11.2.0_4120/ide/plugins/com.nxp.mcuxpresso.tools.macosx_11.2.0.202001021529/tools/bin/../lib/gcc/arm-none-eabi/9.2.1/../../../../arm-none-eabi/lib/thumb/v6-m/nofp/libcr_nohost_nf.a(__sys_flen.o)
                0x00000000000042de                __sys_flen
 .text.__sys_istty
                0x00000000000042e4        0x6 /Applications/MCUXpressoIDE_11.2.0_4120/ide/plugins/com.nxp.mcuxpresso.tools.macosx_11.2.0.202001021529/tools/bin/../lib/gcc/arm-none-eabi/9.2.1/../../../../arm-none-eabi/lib/thumb/v6-m/nofp/libcr_nohost_nf.a(__sys_istty.o)
                0x00000000000042e4                __sys_istty
 .text.__sys_remove
                0x00000000000042ea        0x6 /Applications/MCUXpressoIDE_11.2.0_4120/ide/plugins/com.nxp.mcuxpresso.tools.macosx_11.2.0.202001021529/tools/bin/../lib/gcc/arm-none-eabi/9.2.1/../../../../arm-none-eabi/lib/thumb/v6-m/nofp/libcr_nohost_nf.a(__sys_remove.o)
                0x00000000000042ea                __sys_remove
 .text.__sys_seek
                0x00000000000042f0        0x6 /Applications/MCUXpressoIDE_11.2.0_4120/ide/plugins/com.nxp.mcuxpresso.tools.macosx_11.2.0.202001021529/tools/bin/../lib/gcc/arm-none-eabi/9.2.1/../../../../arm-none-eabi/lib/thumb/v6-m/nofp/libcr_nohost_nf.a(__sys_seek.o)
                0x00000000000042f0                __sys_seek
 .text.__sys_tmpnam
                0x00000000000042f6        0x6 /Applications/MCUXpressoIDE_11.2.0_4120/ide/plugins/com.nxp.mcuxpresso.tools.macosx_11.2.0.202001021529/tools/bin/../lib/gcc/arm-none-eabi/9.2.1/../../../../arm-none-eabi/lib/thumb/v6-m/nofp/libcr_nohost_nf.a(__sys_tmpnam.o)
                0x00000000000042f6                __sys_tmpnam
 *(SORT_BY_ALIGNMENT(.rodata) SORT_BY_ALIGNMENT(.rodata.*) SORT_BY_ALIGNMENT(.constdata) SORT_BY_ALIGNMENT(.constdata.*))
 .rodata.time_pbkdf2_hmac_isha.str1.4
                0x00000000000042fc       0xdf ./source/main.o
 *fill*         0x00000000000043db        0x1 ff
 .rodata.main.str1.4
                0x00000000000043dc       0x49 ./source/main.o
 *fill*         0x0000000000004425        0x3 ff
 .rodata.__FUNCTION__.5493
                0x0000000000004428       0x16 ./source/main.o
 *fill*         0x000000000000443e        0x2 ff
 .rodata.F.str1.4
                0x0000000000004440       0x30 ./source/pbkdf2.o
 .rodata.pbkdf2_hmac_isha.str1.4
                0x0000000000004470       0x2c ./source/pbkdf2.o
 .rodata.str1.4
                0x000000000000449c      0x7c1 ./source/pbkdf2_test.o
                                        0x7d5 (size before relaxing)
 *fill*         0x0000000000004c5d        0x3 ff
 .rodata.hexdigit_to_int.str1.4
                0x0000000000004c60       0x16 ./source/pbkdf2_test.o
 *fill*         0x0000000000004c76        0x2 ff
 .rodata.test_isha.str1.4
                0x0000000000004c78       0x2e ./source/pbkdf2_test.o
 *fill*         0x0000000000004ca6        0x2 ff
 .rodata        0x0000000000004ca8      0x120 ./source/pbkdf2_test.o
 .rodata.test_pbkdf2_hmac_isha.str1.4
                0x0000000000004dc8       0x3b ./source/pbkdf2_test.o
 *fill*         0x0000000000004e03        0x1 ff
 .rodata.__FUNCTION__.4264
                0x0000000000004e04        0xa ./source/pbkdf2_test.o
 *fill*         0x0000000000004e0e        0x2 ff
 .rodata.__FUNCTION__.4283
                0x0000000000004e10        0xf ./source/pbkdf2_test.o
 *fill*         0x0000000000004e1f        0x1 ff
 .rodata.__FUNCTION__.4304
                0x0000000000004e20       0x16 ./source/pbkdf2_test.o
 *fill*         0x0000000000004e36        0x2 ff
 .rodata.CLOCK_GetMcgExtClkFreq.str1.4
                0x0000000000004e38       0x1f ./drivers/fsl_clock.o
 *fill*         0x0000000000004e57        0x1 ff
 .rodata.CLOCK_GetPll0Freq.str1.4
                0x0000000000004e58       0x1e ./drivers/fsl_clock.o
 *fill*         0x0000000000004e76        0x2 ff
 .rodata.CLOCK_EnablePll0.str1.4
                0x0000000000004e78       0x1a ./drivers/fsl_clock.o
 *fill*         0x0000000000004e92        0x2 ff
 .rodata.CLOCK_SetPbeMode.str1.4
                0x0000000000004e94       0x1b ./drivers/fsl_clock.o
 *fill*         0x0000000000004eaf        0x1 ff
 .rodata.CLOCK_BootToPeeMode.str1.4
                0x0000000000004eb0       0x1b ./drivers/fsl_clock.o
 *fill*         0x0000000000004ecb        0x1 ff
 .rodata.fllFactorTable.5210
                0x0000000000004ecc       0x10 ./drivers/fsl_clock.o
 .rodata.LPSCI_GetInstance.str1.4
                0x0000000000004edc       0x37 ./drivers/fsl_lpsci.o
 *fill*         0x0000000000004f13        0x1 ff
 .rodata.LPSCI_Init.str1.4
                0x0000000000004f14       0x44 ./drivers/fsl_lpsci.o
 .rodata.LPSCI_GetDefaultConfig.str1.4
                0x0000000000004f58       0x1a ./drivers/fsl_lpsci.o
 *fill*         0x0000000000004f72        0x2 ff
 .rodata.LPSCI_WriteBlocking.str1.4
                0x0000000000004f74       0x18 ./drivers/fsl_lpsci.o
 .rodata.LPSCI_ReadBlocking.str1.4
                0x0000000000004f8c       0x18 ./drivers/fsl_lpsci.o
 .rodata.s_uartBases
                0x0000000000004fa4        0xc ./drivers/fsl_uart.o
 .rodata.s_uartClock
                0x0000000000004fb0        0xc ./drivers/fsl_uart.o
 .rodata.UART_GetInstance.str1.4
                0x0000000000004fbc       0x2c ./drivers/fsl_uart.o
 .rodata.UART_Init.str1.4
                0x0000000000004fe8       0x43 ./drivers/fsl_uart.o
 *fill*         0x000000000000502b        0x1 ff
 .rodata.UART_GetDefaultConfig.str1.4
                0x000000000000502c       0x19 ./drivers/fsl_uart.o
 *fill*         0x0000000000005045        0x3 ff
 .rodata.UART_ReadBlocking.str1.4
                0x0000000000005048       0x17 ./drivers/fsl_uart.o
 *fill*         0x000000000000505f        0x1 ff
 .rodata.mcgConfig_BOARD_BootClockRUN
                0x0000000000005060        0xa ./board/clock_config.o
                0x0000000000005060                mcgConfig_BOARD_BootClockRUN
 *fill*         0x000000000000506a        0x2 ff
 .rodata.simConfig_BOARD_BootClockRUN
                0x000000000000506c        0x8 ./board/clock_config.o
                0x000000000000506c                simConfig_BOARD_BootClockRUN
 .rodata.oscConfig_BOARD_BootClockRUN
                0x0000000000005074        0x8 ./board/clock_config.o
                0x0000000000005074                oscConfig_BOARD_BootClockRUN
 .rodata.__num_Ciob_streams
                0x000000000000507c        0x4 /Applications/MCUXpressoIDE_11.2.0_4120/ide/plugins/com.nxp.mcuxpresso.tools.macosx_11.2.0.202001021529/tools/bin/../lib/gcc/arm-none-eabi/9.2.1/../../../../arm-none-eabi/lib/thumb/v6-m/nofp/libcr_nohost_nf.a(__ciob.o)
                0x000000000000507c                __num_Ciob_streams
 .rodata.__assertion_failed.str1.1
                0x0000000000005080       0x15 /Applications/MCUXpressoIDE_11.2.0_4120/ide/plugins/com.nxp.mcuxpresso.tools.macosx_11.2.0.202001021529/tools/bin/../lib/gcc/arm-none-eabi/9.2.1/../../../../arm-none-eabi/lib/thumb/v6-m/nofp/libcr_nohost_nf.a(_cr_assert.o)
 .rodata._Csys_alloc.str1.1
                0x0000000000005095       0x18 /Applications/MCUXpressoIDE_11.2.0_4120/ide/plugins/com.nxp.mcuxpresso.tools.macosx_11.2.0.202001021529/tools/bin/../lib/gcc/arm-none-eabi/9.2.1/../../../../arm-none-eabi/lib/thumb/v6-m/nofp/libcr_c.a(alloc.o)
 .rodata._initio.str1.1
                0x00000000000050ad        0x4 /Applications/MCUXpressoIDE_11.2.0_4120/ide/plugins/com.nxp.mcuxpresso.tools.macosx_11.2.0.202001021529/tools/bin/../lib/gcc/arm-none-eabi/9.2.1/../../../../arm-none-eabi/lib/thumb/v6-m/nofp/libcr_c.a(initio.o)
 .rodata.__vfprintf.str1.1
                0x00000000000050b1       0x35 /Applications/MCUXpressoIDE_11.2.0_4120/ide/plugins/com.nxp.mcuxpresso.tools.macosx_11.2.0.202001021529/tools/bin/../lib/gcc/arm-none-eabi/9.2.1/../../../../arm-none-eabi/lib/thumb/v6-m/nofp/libcr_c.a(printf.o)
                                         0x38 (size before relaxing)
                0x00000000000050e8                . = ALIGN (0x4)
 *fill*         0x00000000000050e6        0x2 ff

.glue_7         0x00000000000050e8        0x0
 .glue_7        0x00000000000050e8        0x0 linker stubs

.glue_7t        0x00000000000050e8        0x0
 .glue_7t       0x00000000000050e8        0x0 linker stubs

.vfp11_veneer   0x00000000000050e8        0x0
 .vfp11_veneer  0x00000000000050e8        0x0 linker stubs

.v4_bx          0x00000000000050e8        0x0
 .v4_bx         0x00000000000050e8        0x0 linker stubs

.iplt           0x00000000000050e8        0x0
 .iplt          0x00000000000050e8        0x0 ./utilities/fsl_debug_console.o

.rel.dyn        0x00000000000050e8        0x0
 .rel.iplt      0x00000000000050e8        0x0 ./utilities/fsl_debug_console.o

.ARM.extab
 *(SORT_BY_ALIGNMENT(.ARM.extab*) SORT_BY_ALIGNMENT(.gnu.linkonce.armextab.*))

.ARM.exidx      0x00000000000050e8        0x0
                0x00000000000050e8                __exidx_start = .
 *(SORT_BY_ALIGNMENT(.ARM.exidx*) SORT_BY_ALIGNMENT(.gnu.linkonce.armexidx.*))
                0x00000000000050e8                __exidx_end = .
                0x00000000000050e8                _etext = .

.m_usb_data
 *(SORT_BY_ALIGNMENT(m_usb_bdt))

.mtb_buffer_default
                0x000000001ffff000       0x80
 *(SORT_BY_ALIGNMENT(.mtb*))
 .mtb.$RAM1     0x000000001ffff000       0x80 ./source/mtb.o
                0x000000001ffff000                __mtb_buffer__

.uninit_RESERVED
                0x000000001ffff080        0x0
                0x000000001ffff080                _start_uninit_RESERVED = .
 *(SORT_BY_ALIGNMENT(.bss.$RESERVED*))
                0x000000001ffff080                . = ALIGN (0x4)
                0x000000001ffff080                _end_uninit_RESERVED = .

.data           0x000000001ffff080        0x8 load address 0x00000000000050e8
 FILL mask 0xff
                0x000000001ffff080                _data = .
                [!provide]                        PROVIDE (__start_data_RAM = .)
                [!provide]                        PROVIDE (__start_data_SRAM = .)
 *(SORT_BY_ALIGNMENT(vtable))
 *(SORT_BY_ALIGNMENT(.ramfunc*))
 *(SORT_BY_ALIGNMENT(CodeQuickAccess))
 *(SORT_BY_ALIGNMENT(DataQuickAccess))
 *(SORT_BY_ALIGNMENT(RamFunction))
 *(SORT_BY_ALIGNMENT(.data*))
 .data.s_slowIrcFreq
                0x000000001ffff080        0x4 ./drivers/fsl_clock.o
 .data.SystemCoreClock
                0x000000001ffff084        0x4 ./CMSIS/system_MKL25Z4.o
                0x000000001ffff084                SystemCoreClock
                0x000000001ffff088                . = ALIGN (0x4)
                0x000000001ffff088                _edata = .
                [!provide]                        PROVIDE (__end_data_RAM = .)
                [!provide]                        PROVIDE (__end_data_SRAM = .)

.igot.plt       0x000000001ffff088        0x0 load address 0x00000000000050f0
 .igot.plt      0x000000001ffff088        0x0 ./utilities/fsl_debug_console.o

.bss            0x000000001ffff088      0x17c
                0x000000001ffff088                _bss = .
                [!provide]                        PROVIDE (__start_bss_RAM = .)
                [!provide]                        PROVIDE (__start_bss_SRAM = .)
 *(SORT_BY_ALIGNMENT(.bss*))
 .bss.s_debugConsole
                0x000000001ffff088       0x10 ./utilities/fsl_debug_console.o
 .bss.g_now     0x000000001ffff098        0x4 ./source/ticktime.o
 .bss.g_timer   0x000000001ffff09c        0x4 ./source/ticktime.o
 .bss.g_xtal0Freq
                0x000000001ffff0a0        0x4 ./drivers/fsl_clock.o
                0x000000001ffff0a0                g_xtal0Freq
 .bss.s_lpsciHandle
                0x000000001ffff0a4        0x4 ./drivers/fsl_lpsci.o
 .bss.s_lpsciIsr
                0x000000001ffff0a8        0x4 ./drivers/fsl_lpsci.o
 .bss.s_uartHandle
                0x000000001ffff0ac        0xc ./drivers/fsl_uart.o
 .bss.s_uartIsr
                0x000000001ffff0b8        0x4 ./drivers/fsl_uart.o
 .bss.__Ciob    0x000000001ffff0bc       0xb4 /Applications/MCUXpressoIDE_11.2.0_4120/ide/plugins/com.nxp.mcuxpresso.tools.macosx_11.2.0.202001021529/tools/bin/../lib/gcc/arm-none-eabi/9.2.1/../../../../arm-none-eabi/lib/thumb/v6-m/nofp/libcr_nohost_nf.a(__ciob.o)
                0x000000001ffff0bc                __Ciob
 .bss._exitvector
                0x000000001ffff170       0x84 /Applications/MCUXpressoIDE_11.2.0_4120/ide/plugins/com.nxp.mcuxpresso.tools.macosx_11.2.0.202001021529/tools/bin/../lib/gcc/arm-none-eabi/9.2.1/../../../../arm-none-eabi/lib/thumb/v6-m/nofp/libcr_c.a(stdlib.o)
                0x000000001ffff170                _exitvector
 .bss._number_of_exit_functions
                0x000000001ffff1f4        0x4 /Applications/MCUXpressoIDE_11.2.0_4120/ide/plugins/com.nxp.mcuxpresso.tools.macosx_11.2.0.202001021529/tools/bin/../lib/gcc/arm-none-eabi/9.2.1/../../../../arm-none-eabi/lib/thumb/v6-m/nofp/libcr_c.a(stdlib.o)
                0x000000001ffff1f4                _number_of_exit_functions
 .bss.__end_of_heap
                0x000000001ffff1f8        0x4 /Applications/MCUXpressoIDE_11.2.0_4120/ide/plugins/com.nxp.mcuxpresso.tools.macosx_11.2.0.202001021529/tools/bin/../lib/gcc/arm-none-eabi/9.2.1/../../../../arm-none-eabi/lib/thumb/v6-m/nofp/libcr_c.a(__init_alloc.o)
                0x000000001ffff1f8                __end_of_heap
 .bss.__heaps   0x000000001ffff1fc        0x4 /Applications/MCUXpressoIDE_11.2.0_4120/ide/plugins/com.nxp.mcuxpresso.tools.macosx_11.2.0.202001021529/tools/bin/../lib/gcc/arm-none-eabi/9.2.1/../../../../arm-none-eabi/lib/thumb/v6-m/nofp/libcr_c.a(__init_alloc.o)
                0x000000001ffff1fc                __heaps
 .bss.errno     0x000000001ffff200        0x4 /Applications/MCUXpressoIDE_11.2.0_4120/ide/plugins/com.nxp.mcuxpresso.tools.macosx_11.2.0.202001021529/tools/bin/../lib/gcc/arm-none-eabi/9.2.1/../../../../arm-none-eabi/lib/thumb/v6-m/nofp/libcr_c.a(errno.o)
                0x000000001ffff200                errno
 *(SORT_BY_ALIGNMENT(COMMON))
                0x000000001ffff204                . = ALIGN (0x4)
                0x000000001ffff204                _ebss = .
                [!provide]                        PROVIDE (__end_bss_RAM = .)
                [!provide]                        PROVIDE (__end_bss_SRAM = .)
                [!provide]                        PROVIDE (end = .)

.noinit         0x000000001ffff204        0x0
                0x000000001ffff204                _noinit = .
                [!provide]                        PROVIDE (__start_noinit_RAM = .)
                [!provide]                        PROVIDE (__start_noinit_SRAM = .)
 *(SORT_BY_ALIGNMENT(.noinit*))
                0x000000001ffff204                . = ALIGN (0x4)
                0x000000001ffff204                _end_noinit = .
                [!provide]                        PROVIDE (__end_noinit_RAM = .)
                [!provide]                        PROVIDE (__end_noinit_SRAM = .)
                0x0000000000000400                _HeapSize = 0x400

.heap           0x000000001ffff204      0x400
                0x000000001ffff204                _pvHeapStart = .
                0x000000001ffff604                . = (. + _HeapSize)
 *fill*         0x000000001ffff204      0x400 
                0x000000001ffff604                . = ALIGN (0x4)
                0x000000001ffff604                _pvHeapLimit = .
                0x0000000000002000                _StackSize = 0x2000

.heap2stackfill
                0x000000001ffff604     0x2000
                0x0000000020001604                . = (. + _StackSize)
 *fill*         0x000000001ffff604     0x2000 

.stack          0x0000000020001000        0x0
                0x0000000020001000                _vStackBase = .
                0x0000000020001000                . = ALIGN (0x4)
                0x0000000020003000                _vStackTop = (. + _StackSize)
                0x0000000000000000                _image_start = LOADADDR (.text)
                0x00000000000050f0                _image_end = (LOADADDR (.data) + SIZEOF (.data))
                0x00000000000050f0                _image_size = (_image_end - _image_start)
OUTPUT(PBKDF2.axf elf32-littlearm)

.debug_info     0x0000000000000000     0x88f3
 .debug_info    0x0000000000000000      0xa38 ./utilities/fsl_debug_console.o
 .debug_info    0x0000000000000a38      0x4df ./startup/startup_mkl25z4.o
 .debug_info    0x0000000000000f17      0x2ed ./source/isha.o
 .debug_info    0x0000000000001204      0x650 ./source/main.o
 .debug_info    0x0000000000001854       0x53 ./source/mtb.o
 .debug_info    0x00000000000018a7      0x427 ./source/pbkdf2.o
 .debug_info    0x0000000000001cce      0x6d8 ./source/pbkdf2_test.o
 .debug_info    0x00000000000023a6       0x3c ./source/semihost_hardfault.o
 .debug_info    0x00000000000023e2      0x4e4 ./source/ticktime.o
 .debug_info    0x00000000000028c6     0x1a97 ./drivers/fsl_clock.o
 .debug_info    0x000000000000435d     0x1469 ./drivers/fsl_lpsci.o
 .debug_info    0x00000000000057c6     0x140a ./drivers/fsl_uart.o
 .debug_info    0x0000000000006bd0      0x80b ./board/board.o
 .debug_info    0x00000000000073db      0xb00 ./board/clock_config.o
 .debug_info    0x0000000000007edb       0x3c ./board/peripherals.o
 .debug_info    0x0000000000007f17      0x5a3 ./board/pin_mux.o
 .debug_info    0x00000000000084ba      0x439 ./CMSIS/system_MKL25Z4.o

.debug_abbrev   0x0000000000000000     0x1cca
 .debug_abbrev  0x0000000000000000      0x22c ./utilities/fsl_debug_console.o
 .debug_abbrev  0x000000000000022c      0x18d ./startup/startup_mkl25z4.o
 .debug_abbrev  0x00000000000003b9      0x181 ./source/isha.o
 .debug_abbrev  0x000000000000053a      0x16d ./source/main.o
 .debug_abbrev  0x00000000000006a7       0x46 ./source/mtb.o
 .debug_abbrev  0x00000000000006ed      0x172 ./source/pbkdf2.o
 .debug_abbrev  0x000000000000085f      0x1a7 ./source/pbkdf2_test.o
 .debug_abbrev  0x0000000000000a06       0x31 ./source/semihost_hardfault.o
 .debug_abbrev  0x0000000000000a37      0x1ef ./source/ticktime.o
 .debug_abbrev  0x0000000000000c26      0x36f ./drivers/fsl_clock.o
 .debug_abbrev  0x0000000000000f95      0x309 ./drivers/fsl_lpsci.o
 .debug_abbrev  0x000000000000129e      0x323 ./drivers/fsl_uart.o
 .debug_abbrev  0x00000000000015c1      0x1a7 ./board/board.o
 .debug_abbrev  0x0000000000001768      0x220 ./board/clock_config.o
 .debug_abbrev  0x0000000000001988       0x31 ./board/peripherals.o
 .debug_abbrev  0x00000000000019b9      0x1bb ./board/pin_mux.o
 .debug_abbrev  0x0000000000001b74      0x156 ./CMSIS/system_MKL25Z4.o

.debug_aranges  0x0000000000000000      0x850
 .debug_aranges
                0x0000000000000000       0x58 ./utilities/fsl_debug_console.o
 .debug_aranges
                0x0000000000000058      0x160 ./startup/startup_mkl25z4.o
 .debug_aranges
                0x00000000000001b8       0x40 ./source/isha.o
 .debug_aranges
                0x00000000000001f8       0x30 ./source/main.o
 .debug_aranges
                0x0000000000000228       0x18 ./source/mtb.o
 .debug_aranges
                0x0000000000000240       0x30 ./source/pbkdf2.o
 .debug_aranges
                0x0000000000000270       0x48 ./source/pbkdf2_test.o
 .debug_aranges
                0x00000000000002b8       0x20 ./source/semihost_hardfault.o
 .debug_aranges
                0x00000000000002d8       0x58 ./source/ticktime.o
 .debug_aranges
                0x0000000000000330      0x1d8 ./drivers/fsl_clock.o
 .debug_aranges
                0x0000000000000508      0x118 ./drivers/fsl_lpsci.o
 .debug_aranges
                0x0000000000000620      0x130 ./drivers/fsl_uart.o
 .debug_aranges
                0x0000000000000750       0x28 ./board/board.o
 .debug_aranges
                0x0000000000000778       0x58 ./board/clock_config.o
 .debug_aranges
                0x00000000000007d0       0x20 ./board/peripherals.o
 .debug_aranges
                0x00000000000007f0       0x38 ./board/pin_mux.o
 .debug_aranges
                0x0000000000000828       0x28 ./CMSIS/system_MKL25Z4.o

.debug_ranges   0x0000000000000000      0x738
 .debug_ranges  0x0000000000000000       0x48 ./utilities/fsl_debug_console.o
 .debug_ranges  0x0000000000000048      0x150 ./startup/startup_mkl25z4.o
 .debug_ranges  0x0000000000000198       0x30 ./source/isha.o
 .debug_ranges  0x00000000000001c8       0x20 ./source/main.o
 .debug_ranges  0x00000000000001e8       0x20 ./source/pbkdf2.o
 .debug_ranges  0x0000000000000208       0x38 ./source/pbkdf2_test.o
 .debug_ranges  0x0000000000000240       0x10 ./source/semihost_hardfault.o
 .debug_ranges  0x0000000000000250       0x48 ./source/ticktime.o
 .debug_ranges  0x0000000000000298      0x1c8 ./drivers/fsl_clock.o
 .debug_ranges  0x0000000000000460      0x108 ./drivers/fsl_lpsci.o
 .debug_ranges  0x0000000000000568      0x120 ./drivers/fsl_uart.o
 .debug_ranges  0x0000000000000688       0x18 ./board/board.o
 .debug_ranges  0x00000000000006a0       0x48 ./board/clock_config.o
 .debug_ranges  0x00000000000006e8       0x10 ./board/peripherals.o
 .debug_ranges  0x00000000000006f8       0x28 ./board/pin_mux.o
 .debug_ranges  0x0000000000000720       0x18 ./CMSIS/system_MKL25Z4.o

.debug_macro    0x0000000000000000     0x8ed5
 .debug_macro   0x0000000000000000      0x13a ./utilities/fsl_debug_console.o
 .debug_macro   0x000000000000013a      0xaba ./utilities/fsl_debug_console.o
 .debug_macro   0x0000000000000bf4       0x10 ./utilities/fsl_debug_console.o
 .debug_macro   0x0000000000000c04       0x16 ./utilities/fsl_debug_console.o
 .debug_macro   0x0000000000000c1a       0x10 ./utilities/fsl_debug_console.o
 .debug_macro   0x0000000000000c2a      0x12e ./utilities/fsl_debug_console.o
 .debug_macro   0x0000000000000d58       0x28 ./utilities/fsl_debug_console.o
 .debug_macro   0x0000000000000d80       0xc4 ./utilities/fsl_debug_console.o
 .debug_macro   0x0000000000000e44       0x16 ./utilities/fsl_debug_console.o
 .debug_macro   0x0000000000000e5a       0x22 ./utilities/fsl_debug_console.o
 .debug_macro   0x0000000000000e7c      0x5b3 ./utilities/fsl_debug_console.o
 .debug_macro   0x000000000000142f       0x10 ./utilities/fsl_debug_console.o
 .debug_macro   0x000000000000143f       0x3f ./utilities/fsl_debug_console.o
 .debug_macro   0x000000000000147e       0x3a ./utilities/fsl_debug_console.o
 .debug_macro   0x00000000000014b8       0x26 ./utilities/fsl_debug_console.o
 .debug_macro   0x00000000000014de      0x329 ./utilities/fsl_debug_console.o
 .debug_macro   0x0000000000001807       0x30 ./utilities/fsl_debug_console.o
 .debug_macro   0x0000000000001837     0x51e2 ./utilities/fsl_debug_console.o
 .debug_macro   0x0000000000006a19     0x1352 ./utilities/fsl_debug_console.o
 .debug_macro   0x0000000000007d6b       0x3a ./utilities/fsl_debug_console.o
 .debug_macro   0x0000000000007da5       0xf4 ./utilities/fsl_debug_console.o
 .debug_macro   0x0000000000007e99       0x35 ./utilities/fsl_debug_console.o
 .debug_macro   0x0000000000007ece       0xd2 ./utilities/fsl_debug_console.o
 .debug_macro   0x0000000000007fa0       0x2e ./utilities/fsl_debug_console.o
 .debug_macro   0x0000000000007fce       0x10 ./utilities/fsl_debug_console.o
 .debug_macro   0x0000000000007fde       0x10 ./utilities/fsl_debug_console.o
 .debug_macro   0x0000000000007fee       0x29 ./startup/startup_mkl25z4.o
 .debug_macro   0x0000000000008017       0x64 ./source/isha.o
 .debug_macro   0x000000000000807b       0x10 ./source/isha.o
 .debug_macro   0x000000000000808b      0x17e ./source/main.o
 .debug_macro   0x0000000000008209       0xd8 ./source/main.o
 .debug_macro   0x00000000000082e1       0x22 ./source/main.o
 .debug_macro   0x0000000000008303       0x16 ./source/main.o
 .debug_macro   0x0000000000008319       0x10 ./source/main.o
 .debug_macro   0x0000000000008329      0x112 ./source/main.o
 .debug_macro   0x000000000000843b       0x34 ./source/main.o
 .debug_macro   0x000000000000846f       0x16 ./source/main.o
 .debug_macro   0x0000000000008485       0x2f ./source/mtb.o
 .debug_macro   0x00000000000084b4       0x82 ./source/mtb.o
 .debug_macro   0x0000000000008536       0x10 ./source/mtb.o
 .debug_macro   0x0000000000008546       0x6b ./source/pbkdf2.o
 .debug_macro   0x00000000000085b1       0x1c ./source/pbkdf2.o
 .debug_macro   0x00000000000085cd       0xa5 ./source/pbkdf2_test.o
 .debug_macro   0x0000000000008672       0x11 ./source/semihost_hardfault.o
 .debug_macro   0x0000000000008683       0x96 ./source/ticktime.o
 .debug_macro   0x0000000000008719       0x34 ./source/ticktime.o
 .debug_macro   0x000000000000874d      0x196 ./drivers/fsl_clock.o
 .debug_macro   0x00000000000088e3       0xec ./drivers/fsl_lpsci.o
 .debug_macro   0x00000000000089cf       0xf2 ./drivers/fsl_uart.o
 .debug_macro   0x0000000000008ac1      0x12b ./board/board.o
 .debug_macro   0x0000000000008bec      0x123 ./board/clock_config.o
 .debug_macro   0x0000000000008d0f       0x1b ./board/peripherals.o
 .debug_macro   0x0000000000008d2a      0x107 ./board/pin_mux.o
 .debug_macro   0x0000000000008e31       0x10 ./board/pin_mux.o
 .debug_macro   0x0000000000008e41       0x94 ./CMSIS/system_MKL25Z4.o

.debug_line     0x0000000000000000     0x585f
 .debug_line    0x0000000000000000      0x4d9 ./utilities/fsl_debug_console.o
 .debug_line    0x00000000000004d9      0x1e7 ./startup/startup_mkl25z4.o
 .debug_line    0x00000000000006c0      0x4fe ./source/isha.o
 .debug_line    0x0000000000000bbe      0x475 ./source/main.o
 .debug_line    0x0000000000001033       0xd9 ./source/mtb.o
 .debug_line    0x000000000000110c      0x37f ./source/pbkdf2.o
 .debug_line    0x000000000000148b      0x3fd ./source/pbkdf2_test.o
 .debug_line    0x0000000000001888       0x59 ./source/semihost_hardfault.o
 .debug_line    0x00000000000018e1      0x36a ./source/ticktime.o
 .debug_line    0x0000000000001c4b     0x12f4 ./drivers/fsl_clock.o
 .debug_line    0x0000000000002f3f      0xd6d ./drivers/fsl_lpsci.o
 .debug_line    0x0000000000003cac      0xd5c ./drivers/fsl_uart.o
 .debug_line    0x0000000000004a08      0x37f ./board/board.o
 .debug_line    0x0000000000004d87      0x3d9 ./board/clock_config.o
 .debug_line    0x0000000000005160       0x5c ./board/peripherals.o
 .debug_line    0x00000000000051bc      0x360 ./board/pin_mux.o
 .debug_line    0x000000000000551c      0x343 ./CMSIS/system_MKL25Z4.o

.debug_str      0x0000000000000000    0x35fd7
 .debug_str     0x0000000000000000    0x31622 ./utilities/fsl_debug_console.o
                                      0x3187b (size before relaxing)
 .debug_str     0x0000000000031622      0x3e1 ./startup/startup_mkl25z4.o
                                       0x320f (size before relaxing)
 .debug_str     0x0000000000031a03      0x148 ./source/isha.o
                                       0x46bf (size before relaxing)
 .debug_str     0x0000000000031b4b      0xe1f ./source/main.o
                                      0x31818 (size before relaxing)
 .debug_str     0x000000000003296a      0x532 ./source/mtb.o
                                       0x331b (size before relaxing)
 .debug_str     0x0000000000032e9c       0x7a ./source/pbkdf2.o
                                       0x473b (size before relaxing)
 .debug_str     0x0000000000032f16       0xdf ./source/pbkdf2_test.o
                                       0x4b93 (size before relaxing)
 .debug_str     0x0000000000032ff5       0x1f ./source/semihost_hardfault.o
                                       0x2e08 (size before relaxing)
 .debug_str     0x0000000000033014      0x2af ./source/ticktime.o
                                      0x29081 (size before relaxing)
 .debug_str     0x00000000000332c3     0x15b6 ./drivers/fsl_clock.o
                                      0x32316 (size before relaxing)
 .debug_str     0x0000000000034879      0x964 ./drivers/fsl_lpsci.o
                                      0x3191e (size before relaxing)
 .debug_str     0x00000000000351dd      0x832 ./drivers/fsl_uart.o
                                      0x31941 (size before relaxing)
 .debug_str     0x0000000000035a0f       0x4c ./board/board.o
                                      0x3178e (size before relaxing)
 .debug_str     0x0000000000035a5b      0x300 ./board/clock_config.o
                                      0x31244 (size before relaxing)
 .debug_str     0x0000000000035d5b       0x31 ./board/peripherals.o
                                       0x2e19 (size before relaxing)
 .debug_str     0x0000000000035d8c      0x1fc ./board/pin_mux.o
                                      0x309a7 (size before relaxing)
 .debug_str     0x0000000000035f88       0x4f ./CMSIS/system_MKL25Z4.o
                                      0x2fc80 (size before relaxing)

.comment        0x0000000000000000       0x79
 .comment       0x0000000000000000       0x79 ./utilities/fsl_debug_console.o
                                         0x7a (size before relaxing)
 .comment       0x0000000000000079       0x7a ./startup/startup_mkl25z4.o
 .comment       0x0000000000000079       0x7a ./source/isha.o
 .comment       0x0000000000000079       0x7a ./source/main.o
 .comment       0x0000000000000079       0x7a ./source/mtb.o
 .comment       0x0000000000000079       0x7a ./source/pbkdf2.o
 .comment       0x0000000000000079       0x7a ./source/pbkdf2_test.o
 .comment       0x0000000000000079       0x7a ./source/semihost_hardfault.o
 .comment       0x0000000000000079       0x7a ./source/ticktime.o
 .comment       0x0000000000000079       0x7a ./drivers/fsl_clock.o
 .comment       0x0000000000000079       0x7a ./drivers/fsl_lpsci.o
 .comment       0x0000000000000079       0x7a ./drivers/fsl_uart.o
 .comment       0x0000000000000079       0x7a ./board/board.o
 .comment       0x0000000000000079       0x7a ./board/clock_config.o
 .comment       0x0000000000000079       0x7a ./board/peripherals.o
 .comment       0x0000000000000079       0x7a ./board/pin_mux.o
 .comment       0x0000000000000079       0x7a ./CMSIS/system_MKL25Z4.o
 .comment       0x0000000000000079       0x7a /Applications/MCUXpressoIDE_11.2.0_4120/ide/plugins/com.nxp.mcuxpresso.tools.macosx_11.2.0.202001021529/tools/bin/../lib/gcc/arm-none-eabi/9.2.1/../../../../arm-none-eabi/lib/thumb/v6-m/nofp/libcr_nohost_nf.a(_cr__main.o)
 .comment       0x0000000000000079       0x7a /Applications/MCUXpressoIDE_11.2.0_4120/ide/plugins/com.nxp.mcuxpresso.tools.macosx_11.2.0.202001021529/tools/bin/../lib/gcc/arm-none-eabi/9.2.1/../../../../arm-none-eabi/lib/thumb/v6-m/nofp/libcr_nohost_nf.a(_cr_assert.o)
 .comment       0x0000000000000079       0x7a /Applications/MCUXpressoIDE_11.2.0_4120/ide/plugins/com.nxp.mcuxpresso.tools.macosx_11.2.0.202001021529/tools/bin/../lib/gcc/arm-none-eabi/9.2.1/../../../../arm-none-eabi/lib/thumb/v6-m/nofp/libcr_nohost_nf.a(__ciob.o)
 .comment       0x0000000000000079       0x7a /Applications/MCUXpressoIDE_11.2.0_4120/ide/plugins/com.nxp.mcuxpresso.tools.macosx_11.2.0.202001021529/tools/bin/../lib/gcc/arm-none-eabi/9.2.1/../../../../arm-none-eabi/lib/thumb/v6-m/nofp/libcr_nohost_nf.a(__sys_appexit.o)
 .comment       0x0000000000000079       0x7a /Applications/MCUXpressoIDE_11.2.0_4120/ide/plugins/com.nxp.mcuxpresso.tools.macosx_11.2.0.202001021529/tools/bin/../lib/gcc/arm-none-eabi/9.2.1/../../../../arm-none-eabi/lib/thumb/v6-m/nofp/libcr_c.a(memcpy.o)
 .comment       0x0000000000000079       0x7a /Applications/MCUXpressoIDE_11.2.0_4120/ide/plugins/com.nxp.mcuxpresso.tools.macosx_11.2.0.202001021529/tools/bin/../lib/gcc/arm-none-eabi/9.2.1/../../../../arm-none-eabi/lib/thumb/v6-m/nofp/libcr_c.a(memset.o)
 .comment       0x0000000000000079       0x7a /Applications/MCUXpressoIDE_11.2.0_4120/ide/plugins/com.nxp.mcuxpresso.tools.macosx_11.2.0.202001021529/tools/bin/../lib/gcc/arm-none-eabi/9.2.1/../../../../arm-none-eabi/lib/thumb/v6-m/nofp/libcr_c.a(_deferredlazyseek.o)
 .comment       0x0000000000000079       0x7a /Applications/MCUXpressoIDE_11.2.0_4120/ide/plugins/com.nxp.mcuxpresso.tools.macosx_11.2.0.202001021529/tools/bin/../lib/gcc/arm-none-eabi/9.2.1/../../../../arm-none-eabi/lib/thumb/v6-m/nofp/libcr_c.a(_fflush.o)
 .comment       0x0000000000000079       0x7a /Applications/MCUXpressoIDE_11.2.0_4120/ide/plugins/com.nxp.mcuxpresso.tools.macosx_11.2.0.202001021529/tools/bin/../lib/gcc/arm-none-eabi/9.2.1/../../../../arm-none-eabi/lib/thumb/v6-m/nofp/libcr_c.a(_writebuf.o)
 .comment       0x0000000000000079       0x7a /Applications/MCUXpressoIDE_11.2.0_4120/ide/plugins/com.nxp.mcuxpresso.tools.macosx_11.2.0.202001021529/tools/bin/../lib/gcc/arm-none-eabi/9.2.1/../../../../arm-none-eabi/lib/thumb/v6-m/nofp/libcr_c.a(alloc.o)
 .comment       0x0000000000000079       0x7a /Applications/MCUXpressoIDE_11.2.0_4120/ide/plugins/com.nxp.mcuxpresso.tools.macosx_11.2.0.202001021529/tools/bin/../lib/gcc/arm-none-eabi/9.2.1/../../../../arm-none-eabi/lib/thumb/v6-m/nofp/libcr_c.a(fputs.o)
 .comment       0x0000000000000079       0x7a /Applications/MCUXpressoIDE_11.2.0_4120/ide/plugins/com.nxp.mcuxpresso.tools.macosx_11.2.0.202001021529/tools/bin/../lib/gcc/arm-none-eabi/9.2.1/../../../../arm-none-eabi/lib/thumb/v6-m/nofp/libcr_c.a(fseek.o)
 .comment       0x0000000000000079       0x7a /Applications/MCUXpressoIDE_11.2.0_4120/ide/plugins/com.nxp.mcuxpresso.tools.macosx_11.2.0.202001021529/tools/bin/../lib/gcc/arm-none-eabi/9.2.1/../../../../arm-none-eabi/lib/thumb/v6-m/nofp/libcr_c.a(ftell.o)
 .comment       0x0000000000000079       0x7a /Applications/MCUXpressoIDE_11.2.0_4120/ide/plugins/com.nxp.mcuxpresso.tools.macosx_11.2.0.202001021529/tools/bin/../lib/gcc/arm-none-eabi/9.2.1/../../../../arm-none-eabi/lib/thumb/v6-m/nofp/libcr_c.a(initio.o)
 .comment       0x0000000000000079       0x7a /Applications/MCUXpressoIDE_11.2.0_4120/ide/plugins/com.nxp.mcuxpresso.tools.macosx_11.2.0.202001021529/tools/bin/../lib/gcc/arm-none-eabi/9.2.1/../../../../arm-none-eabi/lib/thumb/v6-m/nofp/libcr_c.a(printf.o)
 .comment       0x0000000000000079       0x7a /Applications/MCUXpressoIDE_11.2.0_4120/ide/plugins/com.nxp.mcuxpresso.tools.macosx_11.2.0.202001021529/tools/bin/../lib/gcc/arm-none-eabi/9.2.1/../../../../arm-none-eabi/lib/thumb/v6-m/nofp/libcr_c.a(setvbuf.o)
 .comment       0x0000000000000079       0x7a /Applications/MCUXpressoIDE_11.2.0_4120/ide/plugins/com.nxp.mcuxpresso.tools.macosx_11.2.0.202001021529/tools/bin/../lib/gcc/arm-none-eabi/9.2.1/../../../../arm-none-eabi/lib/thumb/v6-m/nofp/libcr_c.a(stdlib.o)
 .comment       0x0000000000000079       0x7a /Applications/MCUXpressoIDE_11.2.0_4120/ide/plugins/com.nxp.mcuxpresso.tools.macosx_11.2.0.202001021529/tools/bin/../lib/gcc/arm-none-eabi/9.2.1/../../../../arm-none-eabi/lib/thumb/v6-m/nofp/libcr_c.a(strlen.o)
 .comment       0x0000000000000079       0x7a /Applications/MCUXpressoIDE_11.2.0_4120/ide/plugins/com.nxp.mcuxpresso.tools.macosx_11.2.0.202001021529/tools/bin/../lib/gcc/arm-none-eabi/9.2.1/../../../../arm-none-eabi/lib/thumb/v6-m/nofp/libcr_c.a(__init_alloc.o)
 .comment       0x0000000000000079       0x7a /Applications/MCUXpressoIDE_11.2.0_4120/ide/plugins/com.nxp.mcuxpresso.tools.macosx_11.2.0.202001021529/tools/bin/../lib/gcc/arm-none-eabi/9.2.1/../../../../arm-none-eabi/lib/thumb/v6-m/nofp/libcr_c.a(_cr_sbrk.o)
 .comment       0x0000000000000079       0x7a /Applications/MCUXpressoIDE_11.2.0_4120/ide/plugins/com.nxp.mcuxpresso.tools.macosx_11.2.0.202001021529/tools/bin/../lib/gcc/arm-none-eabi/9.2.1/../../../../arm-none-eabi/lib/thumb/v6-m/nofp/libcr_c.a(_fdopen.o)
 .comment       0x0000000000000079       0x7a /Applications/MCUXpressoIDE_11.2.0_4120/ide/plugins/com.nxp.mcuxpresso.tools.macosx_11.2.0.202001021529/tools/bin/../lib/gcc/arm-none-eabi/9.2.1/../../../../arm-none-eabi/lib/thumb/v6-m/nofp/libcr_c.a(errno.o)
 .comment       0x0000000000000079       0x7a /Applications/MCUXpressoIDE_11.2.0_4120/ide/plugins/com.nxp.mcuxpresso.tools.macosx_11.2.0.202001021529/tools/bin/../lib/gcc/arm-none-eabi/9.2.1/../../../../arm-none-eabi/lib/thumb/v6-m/nofp/libcr_c.a(fclose.o)
 .comment       0x0000000000000079       0x7a /Applications/MCUXpressoIDE_11.2.0_4120/ide/plugins/com.nxp.mcuxpresso.tools.macosx_11.2.0.202001021529/tools/bin/../lib/gcc/arm-none-eabi/9.2.1/../../../../arm-none-eabi/lib/thumb/v6-m/nofp/libcr_c.a(fflush.o)
 .comment       0x0000000000000079       0x7a /Applications/MCUXpressoIDE_11.2.0_4120/ide/plugins/com.nxp.mcuxpresso.tools.macosx_11.2.0.202001021529/tools/bin/../lib/gcc/arm-none-eabi/9.2.1/../../../../arm-none-eabi/lib/thumb/v6-m/nofp/libcr_c.a(remove.o)
 .comment       0x0000000000000079       0x7a /Applications/MCUXpressoIDE_11.2.0_4120/ide/plugins/com.nxp.mcuxpresso.tools.macosx_11.2.0.202001021529/tools/bin/../lib/gcc/arm-none-eabi/9.2.1/../../../../arm-none-eabi/lib/thumb/v6-m/nofp/libcr_c.a(_cr_check_heap.o)
 .comment       0x0000000000000079       0x7a /Applications/MCUXpressoIDE_11.2.0_4120/ide/plugins/com.nxp.mcuxpresso.tools.macosx_11.2.0.202001021529/tools/bin/../lib/gcc/arm-none-eabi/9.2.1/../../../../arm-none-eabi/lib/thumb/v6-m/nofp/libcr_c.a(_do_fflush.o)
 .comment       0x0000000000000079       0x7a /Applications/MCUXpressoIDE_11.2.0_4120/ide/plugins/com.nxp.mcuxpresso.tools.macosx_11.2.0.202001021529/tools/bin/../lib/gcc/arm-none-eabi/9.2.1/../../../../arm-none-eabi/lib/thumb/v6-m/nofp/libcr_nohost_nf.a(__sys_close.o)
 .comment       0x0000000000000079       0x7a /Applications/MCUXpressoIDE_11.2.0_4120/ide/plugins/com.nxp.mcuxpresso.tools.macosx_11.2.0.202001021529/tools/bin/../lib/gcc/arm-none-eabi/9.2.1/../../../../arm-none-eabi/lib/thumb/v6-m/nofp/libcr_nohost_nf.a(__sys_flen.o)
 .comment       0x0000000000000079       0x7a /Applications/MCUXpressoIDE_11.2.0_4120/ide/plugins/com.nxp.mcuxpresso.tools.macosx_11.2.0.202001021529/tools/bin/../lib/gcc/arm-none-eabi/9.2.1/../../../../arm-none-eabi/lib/thumb/v6-m/nofp/libcr_nohost_nf.a(__sys_istty.o)
 .comment       0x0000000000000079       0x7a /Applications/MCUXpressoIDE_11.2.0_4120/ide/plugins/com.nxp.mcuxpresso.tools.macosx_11.2.0.202001021529/tools/bin/../lib/gcc/arm-none-eabi/9.2.1/../../../../arm-none-eabi/lib/thumb/v6-m/nofp/libcr_nohost_nf.a(__sys_remove.o)
 .comment       0x0000000000000079       0x7a /Applications/MCUXpressoIDE_11.2.0_4120/ide/plugins/com.nxp.mcuxpresso.tools.macosx_11.2.0.202001021529/tools/bin/../lib/gcc/arm-none-eabi/9.2.1/../../../../arm-none-eabi/lib/thumb/v6-m/nofp/libcr_nohost_nf.a(__sys_seek.o)
 .comment       0x0000000000000079       0x7a /Applications/MCUXpressoIDE_11.2.0_4120/ide/plugins/com.nxp.mcuxpresso.tools.macosx_11.2.0.202001021529/tools/bin/../lib/gcc/arm-none-eabi/9.2.1/../../../../arm-none-eabi/lib/thumb/v6-m/nofp/libcr_nohost_nf.a(__sys_tmpnam.o)

.ARM.attributes
                0x0000000000000000       0x2a
 .ARM.attributes
                0x0000000000000000       0x2c ./utilities/fsl_debug_console.o
 .ARM.attributes
                0x000000000000002c       0x2c ./startup/startup_mkl25z4.o
 .ARM.attributes
                0x0000000000000058       0x2c ./source/isha.o
 .ARM.attributes
                0x0000000000000084       0x2c ./source/main.o
 .ARM.attributes
                0x00000000000000b0       0x32 ./source/mtb.o
 .ARM.attributes
                0x00000000000000e2       0x2c ./source/pbkdf2.o
 .ARM.attributes
                0x000000000000010e       0x2c ./source/pbkdf2_test.o
 .ARM.attributes
                0x000000000000013a       0x2c ./source/semihost_hardfault.o
 .ARM.attributes
                0x0000000000000166       0x2c ./source/ticktime.o
 .ARM.attributes
                0x0000000000000192       0x2c ./drivers/fsl_clock.o
 .ARM.attributes
                0x00000000000001be       0x2c ./drivers/fsl_lpsci.o
 .ARM.attributes
                0x00000000000001ea       0x2c ./drivers/fsl_uart.o
 .ARM.attributes
                0x0000000000000216       0x2c ./board/board.o
 .ARM.attributes
                0x0000000000000242       0x2c ./board/clock_config.o
 .ARM.attributes
                0x000000000000026e       0x2c ./board/peripherals.o
 .ARM.attributes
                0x000000000000029a       0x2c ./board/pin_mux.o
 .ARM.attributes
                0x00000000000002c6       0x2c ./CMSIS/system_MKL25Z4.o
 .ARM.attributes
                0x00000000000002f2       0x2c /Applications/MCUXpressoIDE_11.2.0_4120/ide/plugins/com.nxp.mcuxpresso.tools.macosx_11.2.0.202001021529/tools/bin/../lib/gcc/arm-none-eabi/9.2.1/../../../../arm-none-eabi/lib/thumb/v6-m/nofp/libcr_nohost_nf.a(_cr__main.o)
 .ARM.attributes
                0x000000000000031e       0x2c /Applications/MCUXpressoIDE_11.2.0_4120/ide/plugins/com.nxp.mcuxpresso.tools.macosx_11.2.0.202001021529/tools/bin/../lib/gcc/arm-none-eabi/9.2.1/../../../../arm-none-eabi/lib/thumb/v6-m/nofp/libcr_nohost_nf.a(_cr_assert.o)
 .ARM.attributes
                0x000000000000034a       0x31 /Applications/MCUXpressoIDE_11.2.0_4120/ide/plugins/com.nxp.mcuxpresso.tools.macosx_11.2.0.202001021529/tools/bin/../lib/gcc/arm-none-eabi/9.2.1/../../../../arm-none-eabi/lib/thumb/v6-m/nofp/libcr_nohost_nf.a(__ciob.o)
 .ARM.attributes
                0x000000000000037b       0x2c /Applications/MCUXpressoIDE_11.2.0_4120/ide/plugins/com.nxp.mcuxpresso.tools.macosx_11.2.0.202001021529/tools/bin/../lib/gcc/arm-none-eabi/9.2.1/../../../../arm-none-eabi/lib/thumb/v6-m/nofp/libcr_nohost_nf.a(__sys_appexit.o)
 .ARM.attributes
                0x00000000000003a7       0x2c /Applications/MCUXpressoIDE_11.2.0_4120/ide/plugins/com.nxp.mcuxpresso.tools.macosx_11.2.0.202001021529/tools/bin/../lib/gcc/arm-none-eabi/9.2.1/../../../../arm-none-eabi/lib/thumb/v6-m/nofp/libcr_c.a(memcpy.o)
 .ARM.attributes
                0x00000000000003d3       0x2c /Applications/MCUXpressoIDE_11.2.0_4120/ide/plugins/com.nxp.mcuxpresso.tools.macosx_11.2.0.202001021529/tools/bin/../lib/gcc/arm-none-eabi/9.2.1/../../../../arm-none-eabi/lib/thumb/v6-m/nofp/libcr_c.a(memset.o)
 .ARM.attributes
                0x00000000000003ff       0x2c /Applications/MCUXpressoIDE_11.2.0_4120/ide/plugins/com.nxp.mcuxpresso.tools.macosx_11.2.0.202001021529/tools/bin/../lib/gcc/arm-none-eabi/9.2.1/../../../../arm-none-eabi/lib/thumb/v6-m/nofp/libcr_c.a(_deferredlazyseek.o)
 .ARM.attributes
                0x000000000000042b       0x2c /Applications/MCUXpressoIDE_11.2.0_4120/ide/plugins/com.nxp.mcuxpresso.tools.macosx_11.2.0.202001021529/tools/bin/../lib/gcc/arm-none-eabi/9.2.1/../../../../arm-none-eabi/lib/thumb/v6-m/nofp/libcr_c.a(_fflush.o)
 .ARM.attributes
                0x0000000000000457       0x2c /Applications/MCUXpressoIDE_11.2.0_4120/ide/plugins/com.nxp.mcuxpresso.tools.macosx_11.2.0.202001021529/tools/bin/../lib/gcc/arm-none-eabi/9.2.1/../../../../arm-none-eabi/lib/thumb/v6-m/nofp/libcr_c.a(_writebuf.o)
 .ARM.attributes
                0x0000000000000483       0x2c /Applications/MCUXpressoIDE_11.2.0_4120/ide/plugins/com.nxp.mcuxpresso.tools.macosx_11.2.0.202001021529/tools/bin/../lib/gcc/arm-none-eabi/9.2.1/../../../../arm-none-eabi/lib/thumb/v6-m/nofp/libcr_c.a(alloc.o)
 .ARM.attributes
                0x00000000000004af       0x2c /Applications/MCUXpressoIDE_11.2.0_4120/ide/plugins/com.nxp.mcuxpresso.tools.macosx_11.2.0.202001021529/tools/bin/../lib/gcc/arm-none-eabi/9.2.1/../../../../arm-none-eabi/lib/thumb/v6-m/nofp/libcr_c.a(fputs.o)
 .ARM.attributes
                0x00000000000004db       0x2c /Applications/MCUXpressoIDE_11.2.0_4120/ide/plugins/com.nxp.mcuxpresso.tools.macosx_11.2.0.202001021529/tools/bin/../lib/gcc/arm-none-eabi/9.2.1/../../../../arm-none-eabi/lib/thumb/v6-m/nofp/libcr_c.a(fseek.o)
 .ARM.attributes
                0x0000000000000507       0x2c /Applications/MCUXpressoIDE_11.2.0_4120/ide/plugins/com.nxp.mcuxpresso.tools.macosx_11.2.0.202001021529/tools/bin/../lib/gcc/arm-none-eabi/9.2.1/../../../../arm-none-eabi/lib/thumb/v6-m/nofp/libcr_c.a(ftell.o)
 .ARM.attributes
                0x0000000000000533       0x2c /Applications/MCUXpressoIDE_11.2.0_4120/ide/plugins/com.nxp.mcuxpresso.tools.macosx_11.2.0.202001021529/tools/bin/../lib/gcc/arm-none-eabi/9.2.1/../../../../arm-none-eabi/lib/thumb/v6-m/nofp/libcr_c.a(initio.o)
 .ARM.attributes
                0x000000000000055f       0x2c /Applications/MCUXpressoIDE_11.2.0_4120/ide/plugins/com.nxp.mcuxpresso.tools.macosx_11.2.0.202001021529/tools/bin/../lib/gcc/arm-none-eabi/9.2.1/../../../../arm-none-eabi/lib/thumb/v6-m/nofp/libcr_c.a(printf.o)
 .ARM.attributes
                0x000000000000058b       0x2c /Applications/MCUXpressoIDE_11.2.0_4120/ide/plugins/com.nxp.mcuxpresso.tools.macosx_11.2.0.202001021529/tools/bin/../lib/gcc/arm-none-eabi/9.2.1/../../../../arm-none-eabi/lib/thumb/v6-m/nofp/libcr_c.a(setvbuf.o)
 .ARM.attributes
                0x00000000000005b7       0x2c /Applications/MCUXpressoIDE_11.2.0_4120/ide/plugins/com.nxp.mcuxpresso.tools.macosx_11.2.0.202001021529/tools/bin/../lib/gcc/arm-none-eabi/9.2.1/../../../../arm-none-eabi/lib/thumb/v6-m/nofp/libcr_c.a(stdlib.o)
 .ARM.attributes
                0x00000000000005e3       0x2c /Applications/MCUXpressoIDE_11.2.0_4120/ide/plugins/com.nxp.mcuxpresso.tools.macosx_11.2.0.202001021529/tools/bin/../lib/gcc/arm-none-eabi/9.2.1/../../../../arm-none-eabi/lib/thumb/v6-m/nofp/libcr_c.a(strlen.o)
 .ARM.attributes
                0x000000000000060f       0x2c /Applications/MCUXpressoIDE_11.2.0_4120/ide/plugins/com.nxp.mcuxpresso.tools.macosx_11.2.0.202001021529/tools/bin/../lib/gcc/arm-none-eabi/9.2.1/../../../../arm-none-eabi/lib/thumb/v6-m/nofp/libcr_c.a(__init_alloc.o)
 .ARM.attributes
                0x000000000000063b       0x2c /Applications/MCUXpressoIDE_11.2.0_4120/ide/plugins/com.nxp.mcuxpresso.tools.macosx_11.2.0.202001021529/tools/bin/../lib/gcc/arm-none-eabi/9.2.1/../../../../arm-none-eabi/lib/thumb/v6-m/nofp/libcr_c.a(_cr_sbrk.o)
 .ARM.attributes
                0x0000000000000667       0x2c /Applications/MCUXpressoIDE_11.2.0_4120/ide/plugins/com.nxp.mcuxpresso.tools.macosx_11.2.0.202001021529/tools/bin/../lib/gcc/arm-none-eabi/9.2.1/../../../../arm-none-eabi/lib/thumb/v6-m/nofp/libcr_c.a(_fdopen.o)
 .ARM.attributes
                0x0000000000000693       0x31 /Applications/MCUXpressoIDE_11.2.0_4120/ide/plugins/com.nxp.mcuxpresso.tools.macosx_11.2.0.202001021529/tools/bin/../lib/gcc/arm-none-eabi/9.2.1/../../../../arm-none-eabi/lib/thumb/v6-m/nofp/libcr_c.a(errno.o)
 .ARM.attributes
                0x00000000000006c4       0x2c /Applications/MCUXpressoIDE_11.2.0_4120/ide/plugins/com.nxp.mcuxpresso.tools.macosx_11.2.0.202001021529/tools/bin/../lib/gcc/arm-none-eabi/9.2.1/../../../../arm-none-eabi/lib/thumb/v6-m/nofp/libcr_c.a(fclose.o)
 .ARM.attributes
                0x00000000000006f0       0x2c /Applications/MCUXpressoIDE_11.2.0_4120/ide/plugins/com.nxp.mcuxpresso.tools.macosx_11.2.0.202001021529/tools/bin/../lib/gcc/arm-none-eabi/9.2.1/../../../../arm-none-eabi/lib/thumb/v6-m/nofp/libcr_c.a(fflush.o)
 .ARM.attributes
                0x000000000000071c       0x2c /Applications/MCUXpressoIDE_11.2.0_4120/ide/plugins/com.nxp.mcuxpresso.tools.macosx_11.2.0.202001021529/tools/bin/../lib/gcc/arm-none-eabi/9.2.1/../../../../arm-none-eabi/lib/thumb/v6-m/nofp/libcr_c.a(remove.o)
 .ARM.attributes
                0x0000000000000748       0x2c /Applications/MCUXpressoIDE_11.2.0_4120/ide/plugins/com.nxp.mcuxpresso.tools.macosx_11.2.0.202001021529/tools/bin/../lib/gcc/arm-none-eabi/9.2.1/../../../../arm-none-eabi/lib/thumb/v6-m/nofp/libcr_c.a(_cr_check_heap.o)
 .ARM.attributes
                0x0000000000000774       0x2c /Applications/MCUXpressoIDE_11.2.0_4120/ide/plugins/com.nxp.mcuxpresso.tools.macosx_11.2.0.202001021529/tools/bin/../lib/gcc/arm-none-eabi/9.2.1/../../../../arm-none-eabi/lib/thumb/v6-m/nofp/libcr_c.a(_do_fflush.o)
 .ARM.attributes
                0x00000000000007a0       0x1c /Applications/MCUXpressoIDE_11.2.0_4120/ide/plugins/com.nxp.mcuxpresso.tools.macosx_11.2.0.202001021529/tools/bin/../lib/gcc/arm-none-eabi/9.2.1/thumb/v6-m/nofp/libcr_eabihelpers.a(division_32.o)
 .ARM.attributes
                0x00000000000007bc       0x1c /Applications/MCUXpressoIDE_11.2.0_4120/ide/plugins/com.nxp.mcuxpresso.tools.macosx_11.2.0.202001021529/tools/bin/../lib/gcc/arm-none-eabi/9.2.1/thumb/v6-m/nofp/libcr_eabihelpers.a(division_idiv0.o)
 .ARM.attributes
                0x00000000000007d8       0x1c /Applications/MCUXpressoIDE_11.2.0_4120/ide/plugins/com.nxp.mcuxpresso.tools.macosx_11.2.0.202001021529/tools/bin/../lib/gcc/arm-none-eabi/9.2.1/thumb/v6-m/nofp/libcr_eabihelpers.a(llong.o)
 .ARM.attributes
                0x00000000000007f4       0x1c /Applications/MCUXpressoIDE_11.2.0_4120/ide/plugins/com.nxp.mcuxpresso.tools.macosx_11.2.0.202001021529/tools/bin/../lib/gcc/arm-none-eabi/9.2.1/thumb/v6-m/nofp/libcr_eabihelpers.a(memcpy.o)
 .ARM.attributes
                0x0000000000000810       0x1c /Applications/MCUXpressoIDE_11.2.0_4120/ide/plugins/com.nxp.mcuxpresso.tools.macosx_11.2.0.202001021529/tools/bin/../lib/gcc/arm-none-eabi/9.2.1/thumb/v6-m/nofp/libcr_eabihelpers.a(thumb1_switch_helpers.o)
 .ARM.attributes
                0x000000000000082c       0x2c /Applications/MCUXpressoIDE_11.2.0_4120/ide/plugins/com.nxp.mcuxpresso.tools.macosx_11.2.0.202001021529/tools/bin/../lib/gcc/arm-none-eabi/9.2.1/../../../../arm-none-eabi/lib/thumb/v6-m/nofp/libcr_nohost_nf.a(__sys_close.o)
 .ARM.attributes
                0x0000000000000858       0x2c /Applications/MCUXpressoIDE_11.2.0_4120/ide/plugins/com.nxp.mcuxpresso.tools.macosx_11.2.0.202001021529/tools/bin/../lib/gcc/arm-none-eabi/9.2.1/../../../../arm-none-eabi/lib/thumb/v6-m/nofp/libcr_nohost_nf.a(__sys_flen.o)
 .ARM.attributes
                0x0000000000000884       0x2c /Applications/MCUXpressoIDE_11.2.0_4120/ide/plugins/com.nxp.mcuxpresso.tools.macosx_11.2.0.202001021529/tools/bin/../lib/gcc/arm-none-eabi/9.2.1/../../../../arm-none-eabi/lib/thumb/v6-m/nofp/libcr_nohost_nf.a(__sys_istty.o)
 .ARM.attributes
                0x00000000000008b0       0x2c /Applications/MCUXpressoIDE_11.2.0_4120/ide/plugins/com.nxp.mcuxpresso.tools.macosx_11.2.0.202001021529/tools/bin/../lib/gcc/arm-none-eabi/9.2.1/../../../../arm-none-eabi/lib/thumb/v6-m/nofp/libcr_nohost_nf.a(__sys_remove.o)
 .ARM.attributes
                0x00000000000008dc       0x2c /Applications/MCUXpressoIDE_11.2.0_4120/ide/plugins/com.nxp.mcuxpresso.tools.macosx_11.2.0.202001021529/tools/bin/../lib/gcc/arm-none-eabi/9.2.1/../../../../arm-none-eabi/lib/thumb/v6-m/nofp/libcr_nohost_nf.a(__sys_seek.o)
 .ARM.attributes
                0x0000000000000908       0x2c /Applications/MCUXpressoIDE_11.2.0_4120/ide/plugins/com.nxp.mcuxpresso.tools.macosx_11.2.0.202001021529/tools/bin/../lib/gcc/arm-none-eabi/9.2.1/../../../../arm-none-eabi/lib/thumb/v6-m/nofp/libcr_nohost_nf.a(__sys_tmpnam.o)

.debug_frame    0x0000000000000000     0x1a08
 .debug_frame   0x0000000000000000      0x10c ./utilities/fsl_debug_console.o
 .debug_frame   0x000000000000010c      0x3b0 ./startup/startup_mkl25z4.o
 .debug_frame   0x00000000000004bc       0xb0 ./source/isha.o
 .debug_frame   0x000000000000056c       0x74 ./source/main.o
 .debug_frame   0x00000000000005e0       0x80 ./source/pbkdf2.o
 .debug_frame   0x0000000000000660       0xe4 ./source/pbkdf2_test.o
 .debug_frame   0x0000000000000744       0x20 ./source/semihost_hardfault.o
 .debug_frame   0x0000000000000764       0xfc ./source/ticktime.o
 .debug_frame   0x0000000000000860      0x6e0 ./drivers/fsl_clock.o
 .debug_frame   0x0000000000000f40      0x414 ./drivers/fsl_lpsci.o
 .debug_frame   0x0000000000001354      0x464 ./drivers/fsl_uart.o
 .debug_frame   0x00000000000017b8       0x50 ./board/board.o
 .debug_frame   0x0000000000001808      0x100 ./board/clock_config.o
 .debug_frame   0x0000000000001908       0x2c ./board/peripherals.o
 .debug_frame   0x0000000000001934       0x88 ./board/pin_mux.o
 .debug_frame   0x00000000000019bc       0x4c ./CMSIS/system_MKL25Z4.o

Cross Reference Table

Symbol                                            File
ADC0_DriverIRQHandler                             ./startup/startup_mkl25z4.o
ADC0_IRQHandler                                   ./startup/startup_mkl25z4.o
BOARD_BootClockRUN                                ./board/clock_config.o
BOARD_BootClockVLPR                               ./board/clock_config.o
BOARD_InitBootClocks                              ./board/clock_config.o
                                                  ./source/main.o
BOARD_InitBootPeripherals                         ./board/peripherals.o
                                                  ./source/main.o
BOARD_InitBootPins                                ./board/pin_mux.o
                                                  ./source/main.o
BOARD_InitDebugConsole                            ./board/board.o
                                                  ./source/main.o
BOARD_InitPins                                    ./board/pin_mux.o
CLOCK_BootToBlpeMode                              ./drivers/fsl_clock.o
CLOCK_BootToBlpiMode                              ./drivers/fsl_clock.o
                                                  ./board/clock_config.o
CLOCK_BootToFeeMode                               ./drivers/fsl_clock.o
CLOCK_BootToFeiMode                               ./drivers/fsl_clock.o
CLOCK_BootToPeeMode                               ./drivers/fsl_clock.o
                                                  ./board/clock_config.o
CLOCK_CalcPllDiv                                  ./drivers/fsl_clock.o
CLOCK_ClearStatusFlags                            ./drivers/fsl_clock.o
CLOCK_DeinitOsc0                                  ./drivers/fsl_clock.o
CLOCK_EnablePll0                                  ./drivers/fsl_clock.o
CLOCK_EnableUsbfs0Clock                           ./drivers/fsl_clock.o
CLOCK_ExternalModeToFbeModeQuick                  ./drivers/fsl_clock.o
CLOCK_FllStableDelay                              ./drivers/fsl_clock.o
CLOCK_GetBusClkFreq                               ./drivers/fsl_clock.o
CLOCK_GetCoreSysClkFreq                           ./drivers/fsl_clock.o
CLOCK_GetEr32kClkFreq                             ./drivers/fsl_clock.o
CLOCK_GetFixedFreqClkFreq                         ./drivers/fsl_clock.o
CLOCK_GetFlashClkFreq                             ./drivers/fsl_clock.o
CLOCK_GetFllFreq                                  ./drivers/fsl_clock.o
CLOCK_GetFreq                                     ./drivers/fsl_clock.o
CLOCK_GetInternalRefClkFreq                       ./drivers/fsl_clock.o
CLOCK_GetMode                                     ./drivers/fsl_clock.o
CLOCK_GetOsc0ErClkFreq                            ./drivers/fsl_clock.o
CLOCK_GetOutClkFreq                               ./drivers/fsl_clock.o
CLOCK_GetPlatClkFreq                              ./drivers/fsl_clock.o
CLOCK_GetPll0Freq                                 ./drivers/fsl_clock.o
CLOCK_GetPllFllSelClkFreq                         ./drivers/fsl_clock.o
                                                  ./board/board.o
CLOCK_GetStatusFlags                              ./drivers/fsl_clock.o
CLOCK_InitOsc0                                    ./drivers/fsl_clock.o
                                                  ./board/clock_config.o
CLOCK_InternalModeToFbiModeQuick                  ./drivers/fsl_clock.o
CLOCK_SetBlpeMode                                 ./drivers/fsl_clock.o
CLOCK_SetBlpiMode                                 ./drivers/fsl_clock.o
CLOCK_SetExternalRefClkConfig                     ./drivers/fsl_clock.o
CLOCK_SetFbeMode                                  ./drivers/fsl_clock.o
CLOCK_SetFbiMode                                  ./drivers/fsl_clock.o
CLOCK_SetFeeMode                                  ./drivers/fsl_clock.o
CLOCK_SetFeiMode                                  ./drivers/fsl_clock.o
CLOCK_SetInternalRefClkConfig                     ./drivers/fsl_clock.o
                                                  ./board/clock_config.o
CLOCK_SetMcgConfig                                ./drivers/fsl_clock.o
CLOCK_SetOsc0MonitorMode                          ./drivers/fsl_clock.o
CLOCK_SetPbeMode                                  ./drivers/fsl_clock.o
CLOCK_SetPeeMode                                  ./drivers/fsl_clock.o
CLOCK_SetPll0MonitorMode                          ./drivers/fsl_clock.o
CLOCK_SetSimConfig                                ./drivers/fsl_clock.o
                                                  ./board/clock_config.o
CLOCK_TrimInternalRefClk                          ./drivers/fsl_clock.o
CMP0_DriverIRQHandler                             ./startup/startup_mkl25z4.o
CMP0_IRQHandler                                   ./startup/startup_mkl25z4.o
DAC0_DriverIRQHandler                             ./startup/startup_mkl25z4.o
DAC0_IRQHandler                                   ./startup/startup_mkl25z4.o
DMA0_DriverIRQHandler                             ./startup/startup_mkl25z4.o
DMA0_IRQHandler                                   ./startup/startup_mkl25z4.o
DMA1_DriverIRQHandler                             ./startup/startup_mkl25z4.o
DMA1_IRQHandler                                   ./startup/startup_mkl25z4.o
DMA2_DriverIRQHandler                             ./startup/startup_mkl25z4.o
DMA2_IRQHandler                                   ./startup/startup_mkl25z4.o
DMA3_DriverIRQHandler                             ./startup/startup_mkl25z4.o
DMA3_IRQHandler                                   ./startup/startup_mkl25z4.o
DbgConsole_Deinit                                 ./utilities/fsl_debug_console.o
DbgConsole_Init                                   ./utilities/fsl_debug_console.o
                                                  ./board/board.o
FLASH_Erase                                       ./drivers/fsl_flash.o
FLASH_EraseAll                                    ./drivers/fsl_flash.o
FLASH_EraseAllExecuteOnlySegments                 ./drivers/fsl_flash.o
FLASH_GetProperty                                 ./drivers/fsl_flash.o
FLASH_GetSecurityState                            ./drivers/fsl_flash.o
FLASH_Init                                        ./drivers/fsl_flash.o
FLASH_IsExecuteOnly                               ./drivers/fsl_flash.o
FLASH_IsProtected                                 ./drivers/fsl_flash.o
FLASH_PflashGetPrefetchSpeculation                ./drivers/fsl_flash.o
FLASH_PflashGetProtection                         ./drivers/fsl_flash.o
FLASH_PflashSetPrefetchSpeculation                ./drivers/fsl_flash.o
                                                  ./drivers/fsl_smc.o
FLASH_PflashSetProtection                         ./drivers/fsl_flash.o
FLASH_PrepareExecuteInRamFunctions                ./drivers/fsl_flash.o
FLASH_Program                                     ./drivers/fsl_flash.o
FLASH_ProgramOnce                                 ./drivers/fsl_flash.o
FLASH_ReadOnce                                    ./drivers/fsl_flash.o
FLASH_ReadResource                                ./drivers/fsl_flash.o
FLASH_SecurityBypass                              ./drivers/fsl_flash.o
FLASH_SetCallback                                 ./drivers/fsl_flash.o
FLASH_SetProperty                                 ./drivers/fsl_flash.o
FLASH_VerifyErase                                 ./drivers/fsl_flash.o
FLASH_VerifyEraseAll                              ./drivers/fsl_flash.o
FLASH_VerifyEraseAllExecuteOnlySegments           ./drivers/fsl_flash.o
FLASH_VerifyProgram                               ./drivers/fsl_flash.o
FTFA_DriverIRQHandler                             ./startup/startup_mkl25z4.o
FTFA_IRQHandler                                   ./startup/startup_mkl25z4.o
Flash_Config                                      ./startup/startup_mkl25z4.o
GPIO_ClearPinsInterruptFlags                      ./drivers/fsl_gpio.o
GPIO_GetPinsInterruptFlags                        ./drivers/fsl_gpio.o
GPIO_PinInit                                      ./drivers/fsl_gpio.o
HardFault_Handler                                 ./source/semihost_hardfault.o
                                                  ./startup/startup_mkl25z4.o
I2C0_DriverIRQHandler                             ./startup/startup_mkl25z4.o
I2C0_IRQHandler                                   ./startup/startup_mkl25z4.o
I2C1_DriverIRQHandler                             ./startup/startup_mkl25z4.o
I2C1_IRQHandler                                   ./startup/startup_mkl25z4.o
ISHAInput                                         ./source/isha.o
                                                  ./source/pbkdf2_test.o
                                                  ./source/pbkdf2.o
ISHAReset                                         ./source/isha.o
                                                  ./source/pbkdf2_test.o
                                                  ./source/pbkdf2.o
ISHAResult                                        ./source/isha.o
                                                  ./source/pbkdf2_test.o
                                                  ./source/pbkdf2.o
InstallIRQHandler                                 ./drivers/fsl_common.o
IntDefaultHandler                                 ./startup/startup_mkl25z4.o
LLWU_DriverIRQHandler                             ./startup/startup_mkl25z4.o
LLWU_IRQHandler                                   ./startup/startup_mkl25z4.o
LPSCI_ClearStatusFlags                            ./drivers/fsl_lpsci.o
LPSCI_Deinit                                      ./drivers/fsl_lpsci.o
                                                  ./utilities/fsl_debug_console.o
LPSCI_DisableInterrupts                           ./drivers/fsl_lpsci.o
LPSCI_EnableInterrupts                            ./drivers/fsl_lpsci.o
LPSCI_GetDefaultConfig                            ./drivers/fsl_lpsci.o
                                                  ./utilities/fsl_debug_console.o
LPSCI_GetEnabledInterrupts                        ./drivers/fsl_lpsci.o
LPSCI_GetInstance                                 ./drivers/fsl_lpsci.o